<!doctype html public "-//w3c//dtd html 4.0 transitional//en">
<html><head>
<title>Static Call Graph - [edryer\edryer.axf]</title></head>
<body><HR>
<H1>Static Call Graph for image edryer\edryer.axf</H1><HR>
<BR><P>#&#060CALLGRAPH&#062# ARM Linker, 6180002: Last Updated: Sun Nov 20 23:20:05 2022
<BR><P>
<H3>Maximum Stack Usage =        176 bytes + Unknown(Cycles, Untraceable Function Pointers)</H3><H3>
Call chain for Maximum Stack Depth:</H3>
main &rArr; MX_USART1_UART_Init &rArr; LL_USART_Init &rArr; LL_RCC_GetSystemClocksFreq &rArr; RCC_GetSystemClockFreq &rArr; RCC_PLL_GetFreqDomain_SYS
<P>
<H3>
Mutually Recursive functions
</H3> <LI><a href="#[1c]">ADC1_2_IRQHandler</a>&nbsp;&nbsp;&nbsp;&rArr;&nbsp;&nbsp;&nbsp;<a href="#[1c]">ADC1_2_IRQHandler</a><BR>
</UL>
<P>
<H3>
Function Pointers
</H3><UL>
 <LI><a href="#[1c]">ADC1_2_IRQHandler</a> from startup_stm32f103xb.o(.text) referenced from startup_stm32f103xb.o(RESET)
 <LI><a href="#[4]">BusFault_Handler</a> from lto-llvm-1168fe.o(.text.BusFault_Handler) referenced from startup_stm32f103xb.o(RESET)
 <LI><a href="#[1f]">CAN1_RX1_IRQHandler</a> from startup_stm32f103xb.o(.text) referenced from startup_stm32f103xb.o(RESET)
 <LI><a href="#[20]">CAN1_SCE_IRQHandler</a> from startup_stm32f103xb.o(.text) referenced from startup_stm32f103xb.o(RESET)
 <LI><a href="#[15]">DMA1_Channel1_IRQHandler</a> from lto-llvm-1168fe.o(.text.DMA1_Channel1_IRQHandler) referenced from startup_stm32f103xb.o(RESET)
 <LI><a href="#[16]">DMA1_Channel2_IRQHandler</a> from startup_stm32f103xb.o(.text) referenced from startup_stm32f103xb.o(RESET)
 <LI><a href="#[17]">DMA1_Channel3_IRQHandler</a> from startup_stm32f103xb.o(.text) referenced from startup_stm32f103xb.o(RESET)
 <LI><a href="#[18]">DMA1_Channel4_IRQHandler</a> from startup_stm32f103xb.o(.text) referenced from startup_stm32f103xb.o(RESET)
 <LI><a href="#[19]">DMA1_Channel5_IRQHandler</a> from lto-llvm-1168fe.o(.text.DMA1_Channel5_IRQHandler) referenced from startup_stm32f103xb.o(RESET)
 <LI><a href="#[1a]">DMA1_Channel6_IRQHandler</a> from startup_stm32f103xb.o(.text) referenced from startup_stm32f103xb.o(RESET)
 <LI><a href="#[1b]">DMA1_Channel7_IRQHandler</a> from startup_stm32f103xb.o(.text) referenced from startup_stm32f103xb.o(RESET)
 <LI><a href="#[7]">DebugMon_Handler</a> from lto-llvm-1168fe.o(.text.DebugMon_Handler) referenced from startup_stm32f103xb.o(RESET)
 <LI><a href="#[10]">EXTI0_IRQHandler</a> from startup_stm32f103xb.o(.text) referenced from startup_stm32f103xb.o(RESET)
 <LI><a href="#[32]">EXTI15_10_IRQHandler</a> from startup_stm32f103xb.o(.text) referenced from startup_stm32f103xb.o(RESET)
 <LI><a href="#[11]">EXTI1_IRQHandler</a> from startup_stm32f103xb.o(.text) referenced from startup_stm32f103xb.o(RESET)
 <LI><a href="#[12]">EXTI2_IRQHandler</a> from startup_stm32f103xb.o(.text) referenced from startup_stm32f103xb.o(RESET)
 <LI><a href="#[13]">EXTI3_IRQHandler</a> from startup_stm32f103xb.o(.text) referenced from startup_stm32f103xb.o(RESET)
 <LI><a href="#[14]">EXTI4_IRQHandler</a> from startup_stm32f103xb.o(.text) referenced from startup_stm32f103xb.o(RESET)
 <LI><a href="#[21]">EXTI9_5_IRQHandler</a> from startup_stm32f103xb.o(.text) referenced from startup_stm32f103xb.o(RESET)
 <LI><a href="#[e]">FLASH_IRQHandler</a> from startup_stm32f103xb.o(.text) referenced from startup_stm32f103xb.o(RESET)
 <LI><a href="#[2]">HardFault_Handler</a> from lto-llvm-1168fe.o(.text.HardFault_Handler) referenced from startup_stm32f103xb.o(RESET)
 <LI><a href="#[2a]">I2C1_ER_IRQHandler</a> from startup_stm32f103xb.o(.text) referenced from startup_stm32f103xb.o(RESET)
 <LI><a href="#[29]">I2C1_EV_IRQHandler</a> from startup_stm32f103xb.o(.text) referenced from startup_stm32f103xb.o(RESET)
 <LI><a href="#[2c]">I2C2_ER_IRQHandler</a> from startup_stm32f103xb.o(.text) referenced from startup_stm32f103xb.o(RESET)
 <LI><a href="#[2b]">I2C2_EV_IRQHandler</a> from startup_stm32f103xb.o(.text) referenced from startup_stm32f103xb.o(RESET)
 <LI><a href="#[3]">MemManage_Handler</a> from lto-llvm-1168fe.o(.text.MemManage_Handler) referenced from startup_stm32f103xb.o(RESET)
 <LI><a href="#[1]">NMI_Handler</a> from lto-llvm-1168fe.o(.text.NMI_Handler) referenced from startup_stm32f103xb.o(RESET)
 <LI><a href="#[b]">PVD_IRQHandler</a> from startup_stm32f103xb.o(.text) referenced from startup_stm32f103xb.o(RESET)
 <LI><a href="#[8]">PendSV_Handler</a> from lto-llvm-1168fe.o(.text.PendSV_Handler) referenced from startup_stm32f103xb.o(RESET)
 <LI><a href="#[f]">RCC_IRQHandler</a> from startup_stm32f103xb.o(.text) referenced from startup_stm32f103xb.o(RESET)
 <LI><a href="#[33]">RTC_Alarm_IRQHandler</a> from startup_stm32f103xb.o(.text) referenced from startup_stm32f103xb.o(RESET)
 <LI><a href="#[d]">RTC_IRQHandler</a> from startup_stm32f103xb.o(.text) referenced from startup_stm32f103xb.o(RESET)
 <LI><a href="#[0]">Reset_Handler</a> from startup_stm32f103xb.o(.text) referenced from startup_stm32f103xb.o(RESET)
 <LI><a href="#[2d]">SPI1_IRQHandler</a> from startup_stm32f103xb.o(.text) referenced from startup_stm32f103xb.o(RESET)
 <LI><a href="#[2e]">SPI2_IRQHandler</a> from startup_stm32f103xb.o(.text) referenced from startup_stm32f103xb.o(RESET)
 <LI><a href="#[6]">SVC_Handler</a> from lto-llvm-1168fe.o(.text.SVC_Handler) referenced from startup_stm32f103xb.o(RESET)
 <LI><a href="#[9]">SysTick_Handler</a> from lto-llvm-1168fe.o(.text.SysTick_Handler) referenced from startup_stm32f103xb.o(RESET)
 <LI><a href="#[36]">SystemInit</a> from lto-llvm-1168fe.o(.text.SystemInit) referenced from startup_stm32f103xb.o(.text)
 <LI><a href="#[c]">TAMPER_IRQHandler</a> from startup_stm32f103xb.o(.text) referenced from startup_stm32f103xb.o(RESET)
 <LI><a href="#[22]">TIM1_BRK_IRQHandler</a> from startup_stm32f103xb.o(.text) referenced from startup_stm32f103xb.o(RESET)
 <LI><a href="#[25]">TIM1_CC_IRQHandler</a> from startup_stm32f103xb.o(.text) referenced from startup_stm32f103xb.o(RESET)
 <LI><a href="#[24]">TIM1_TRG_COM_IRQHandler</a> from startup_stm32f103xb.o(.text) referenced from startup_stm32f103xb.o(RESET)
 <LI><a href="#[23]">TIM1_UP_IRQHandler</a> from startup_stm32f103xb.o(.text) referenced from startup_stm32f103xb.o(RESET)
 <LI><a href="#[26]">TIM2_IRQHandler</a> from startup_stm32f103xb.o(.text) referenced from startup_stm32f103xb.o(RESET)
 <LI><a href="#[27]">TIM3_IRQHandler</a> from startup_stm32f103xb.o(.text) referenced from startup_stm32f103xb.o(RESET)
 <LI><a href="#[28]">TIM4_IRQHandler</a> from startup_stm32f103xb.o(.text) referenced from startup_stm32f103xb.o(RESET)
 <LI><a href="#[2f]">USART1_IRQHandler</a> from startup_stm32f103xb.o(.text) referenced from startup_stm32f103xb.o(RESET)
 <LI><a href="#[30]">USART2_IRQHandler</a> from startup_stm32f103xb.o(.text) referenced from startup_stm32f103xb.o(RESET)
 <LI><a href="#[31]">USART3_IRQHandler</a> from startup_stm32f103xb.o(.text) referenced from startup_stm32f103xb.o(RESET)
 <LI><a href="#[34]">USBWakeUp_IRQHandler</a> from startup_stm32f103xb.o(.text) referenced from startup_stm32f103xb.o(RESET)
 <LI><a href="#[1d]">USB_HP_CAN1_TX_IRQHandler</a> from startup_stm32f103xb.o(.text) referenced from startup_stm32f103xb.o(RESET)
 <LI><a href="#[1e]">USB_LP_CAN1_RX0_IRQHandler</a> from startup_stm32f103xb.o(.text) referenced from startup_stm32f103xb.o(RESET)
 <LI><a href="#[5]">UsageFault_Handler</a> from lto-llvm-1168fe.o(.text.UsageFault_Handler) referenced from startup_stm32f103xb.o(RESET)
 <LI><a href="#[a]">WWDG_IRQHandler</a> from startup_stm32f103xb.o(.text) referenced from startup_stm32f103xb.o(RESET)
 <LI><a href="#[37]">__main</a> from entry.o(.ARM.Collect$$$$00000000) referenced from startup_stm32f103xb.o(.text)
 <LI><a href="#[35]">main</a> from lto-llvm-1168fe.o(.text.main) referenced from entry9a.o(.ARM.Collect$$$$0000000B)
</UL>
<P>
<H3>
Global Symbols
</H3>
<P><STRONG><a name="[37]"></a>__main</STRONG> (Thumb, 0 bytes, Stack size unknown bytes, entry.o(.ARM.Collect$$$$00000000))
<BR>[Address Reference Count : 1]<UL><LI> startup_stm32f103xb.o(.text)
</UL>
<P><STRONG><a name="[a1]"></a>_main_stk</STRONG> (Thumb, 0 bytes, Stack size unknown bytes, entry2.o(.ARM.Collect$$$$00000001))

<P><STRONG><a name="[38]"></a>_main_scatterload</STRONG> (Thumb, 0 bytes, Stack size unknown bytes, entry5.o(.ARM.Collect$$$$00000004))
<BR><BR>[Calls]<UL><LI><a href="#[39]">&gt;&gt;</a>&nbsp;&nbsp;&nbsp;__scatterload
</UL>

<P><STRONG><a name="[3a]"></a>__main_after_scatterload</STRONG> (Thumb, 0 bytes, Stack size unknown bytes, entry5.o(.ARM.Collect$$$$00000004))
<BR><BR>[Called By]<UL><LI><a href="#[39]">&gt;&gt;</a>&nbsp;&nbsp;&nbsp;__scatterload
</UL>

<P><STRONG><a name="[a2]"></a>_main_clock</STRONG> (Thumb, 0 bytes, Stack size unknown bytes, entry7b.o(.ARM.Collect$$$$00000008))

<P><STRONG><a name="[a3]"></a>_main_cpp_init</STRONG> (Thumb, 0 bytes, Stack size unknown bytes, entry8b.o(.ARM.Collect$$$$0000000A))

<P><STRONG><a name="[a4]"></a>_main_init</STRONG> (Thumb, 0 bytes, Stack size unknown bytes, entry9a.o(.ARM.Collect$$$$0000000B))

<P><STRONG><a name="[a5]"></a>__rt_final_cpp</STRONG> (Thumb, 0 bytes, Stack size unknown bytes, entry10a.o(.ARM.Collect$$$$0000000D))

<P><STRONG><a name="[a6]"></a>__rt_final_exit</STRONG> (Thumb, 0 bytes, Stack size unknown bytes, entry11a.o(.ARM.Collect$$$$0000000F))

<P><STRONG><a name="[0]"></a>Reset_Handler</STRONG> (Thumb, 8 bytes, Stack size 0 bytes, startup_stm32f103xb.o(.text))
<BR>[Address Reference Count : 1]<UL><LI> startup_stm32f103xb.o(RESET)
</UL>
<P><STRONG><a name="[1c]"></a>ADC1_2_IRQHandler</STRONG> (Thumb, 0 bytes, Stack size 0 bytes, startup_stm32f103xb.o(.text))
<BR><BR>[Calls]<UL><LI><a href="#[1c]">&gt;&gt;</a>&nbsp;&nbsp;&nbsp;ADC1_2_IRQHandler
</UL>
<BR>[Called By]<UL><LI><a href="#[1c]">&gt;&gt;</a>&nbsp;&nbsp;&nbsp;ADC1_2_IRQHandler
</UL>
<BR>[Address Reference Count : 1]<UL><LI> startup_stm32f103xb.o(RESET)
</UL>
<P><STRONG><a name="[1f]"></a>CAN1_RX1_IRQHandler</STRONG> (Thumb, 0 bytes, Stack size 0 bytes, startup_stm32f103xb.o(.text))
<BR>[Address Reference Count : 1]<UL><LI> startup_stm32f103xb.o(RESET)
</UL>
<P><STRONG><a name="[20]"></a>CAN1_SCE_IRQHandler</STRONG> (Thumb, 0 bytes, Stack size 0 bytes, startup_stm32f103xb.o(.text))
<BR>[Address Reference Count : 1]<UL><LI> startup_stm32f103xb.o(RESET)
</UL>
<P><STRONG><a name="[16]"></a>DMA1_Channel2_IRQHandler</STRONG> (Thumb, 0 bytes, Stack size 0 bytes, startup_stm32f103xb.o(.text))
<BR>[Address Reference Count : 1]<UL><LI> startup_stm32f103xb.o(RESET)
</UL>
<P><STRONG><a name="[17]"></a>DMA1_Channel3_IRQHandler</STRONG> (Thumb, 0 bytes, Stack size 0 bytes, startup_stm32f103xb.o(.text))
<BR>[Address Reference Count : 1]<UL><LI> startup_stm32f103xb.o(RESET)
</UL>
<P><STRONG><a name="[18]"></a>DMA1_Channel4_IRQHandler</STRONG> (Thumb, 0 bytes, Stack size 0 bytes, startup_stm32f103xb.o(.text))
<BR>[Address Reference Count : 1]<UL><LI> startup_stm32f103xb.o(RESET)
</UL>
<P><STRONG><a name="[1a]"></a>DMA1_Channel6_IRQHandler</STRONG> (Thumb, 0 bytes, Stack size 0 bytes, startup_stm32f103xb.o(.text))
<BR>[Address Reference Count : 1]<UL><LI> startup_stm32f103xb.o(RESET)
</UL>
<P><STRONG><a name="[1b]"></a>DMA1_Channel7_IRQHandler</STRONG> (Thumb, 0 bytes, Stack size 0 bytes, startup_stm32f103xb.o(.text))
<BR>[Address Reference Count : 1]<UL><LI> startup_stm32f103xb.o(RESET)
</UL>
<P><STRONG><a name="[10]"></a>EXTI0_IRQHandler</STRONG> (Thumb, 0 bytes, Stack size 0 bytes, startup_stm32f103xb.o(.text))
<BR>[Address Reference Count : 1]<UL><LI> startup_stm32f103xb.o(RESET)
</UL>
<P><STRONG><a name="[32]"></a>EXTI15_10_IRQHandler</STRONG> (Thumb, 0 bytes, Stack size 0 bytes, startup_stm32f103xb.o(.text))
<BR>[Address Reference Count : 1]<UL><LI> startup_stm32f103xb.o(RESET)
</UL>
<P><STRONG><a name="[11]"></a>EXTI1_IRQHandler</STRONG> (Thumb, 0 bytes, Stack size 0 bytes, startup_stm32f103xb.o(.text))
<BR>[Address Reference Count : 1]<UL><LI> startup_stm32f103xb.o(RESET)
</UL>
<P><STRONG><a name="[12]"></a>EXTI2_IRQHandler</STRONG> (Thumb, 0 bytes, Stack size 0 bytes, startup_stm32f103xb.o(.text))
<BR>[Address Reference Count : 1]<UL><LI> startup_stm32f103xb.o(RESET)
</UL>
<P><STRONG><a name="[13]"></a>EXTI3_IRQHandler</STRONG> (Thumb, 0 bytes, Stack size 0 bytes, startup_stm32f103xb.o(.text))
<BR>[Address Reference Count : 1]<UL><LI> startup_stm32f103xb.o(RESET)
</UL>
<P><STRONG><a name="[14]"></a>EXTI4_IRQHandler</STRONG> (Thumb, 0 bytes, Stack size 0 bytes, startup_stm32f103xb.o(.text))
<BR>[Address Reference Count : 1]<UL><LI> startup_stm32f103xb.o(RESET)
</UL>
<P><STRONG><a name="[21]"></a>EXTI9_5_IRQHandler</STRONG> (Thumb, 0 bytes, Stack size 0 bytes, startup_stm32f103xb.o(.text))
<BR>[Address Reference Count : 1]<UL><LI> startup_stm32f103xb.o(RESET)
</UL>
<P><STRONG><a name="[e]"></a>FLASH_IRQHandler</STRONG> (Thumb, 0 bytes, Stack size 0 bytes, startup_stm32f103xb.o(.text))
<BR>[Address Reference Count : 1]<UL><LI> startup_stm32f103xb.o(RESET)
</UL>
<P><STRONG><a name="[2a]"></a>I2C1_ER_IRQHandler</STRONG> (Thumb, 0 bytes, Stack size 0 bytes, startup_stm32f103xb.o(.text))
<BR>[Address Reference Count : 1]<UL><LI> startup_stm32f103xb.o(RESET)
</UL>
<P><STRONG><a name="[29]"></a>I2C1_EV_IRQHandler</STRONG> (Thumb, 0 bytes, Stack size 0 bytes, startup_stm32f103xb.o(.text))
<BR>[Address Reference Count : 1]<UL><LI> startup_stm32f103xb.o(RESET)
</UL>
<P><STRONG><a name="[2c]"></a>I2C2_ER_IRQHandler</STRONG> (Thumb, 0 bytes, Stack size 0 bytes, startup_stm32f103xb.o(.text))
<BR>[Address Reference Count : 1]<UL><LI> startup_stm32f103xb.o(RESET)
</UL>
<P><STRONG><a name="[2b]"></a>I2C2_EV_IRQHandler</STRONG> (Thumb, 0 bytes, Stack size 0 bytes, startup_stm32f103xb.o(.text))
<BR>[Address Reference Count : 1]<UL><LI> startup_stm32f103xb.o(RESET)
</UL>
<P><STRONG><a name="[b]"></a>PVD_IRQHandler</STRONG> (Thumb, 0 bytes, Stack size 0 bytes, startup_stm32f103xb.o(.text))
<BR>[Address Reference Count : 1]<UL><LI> startup_stm32f103xb.o(RESET)
</UL>
<P><STRONG><a name="[f]"></a>RCC_IRQHandler</STRONG> (Thumb, 0 bytes, Stack size 0 bytes, startup_stm32f103xb.o(.text))
<BR>[Address Reference Count : 1]<UL><LI> startup_stm32f103xb.o(RESET)
</UL>
<P><STRONG><a name="[33]"></a>RTC_Alarm_IRQHandler</STRONG> (Thumb, 0 bytes, Stack size 0 bytes, startup_stm32f103xb.o(.text))
<BR>[Address Reference Count : 1]<UL><LI> startup_stm32f103xb.o(RESET)
</UL>
<P><STRONG><a name="[d]"></a>RTC_IRQHandler</STRONG> (Thumb, 0 bytes, Stack size 0 bytes, startup_stm32f103xb.o(.text))
<BR>[Address Reference Count : 1]<UL><LI> startup_stm32f103xb.o(RESET)
</UL>
<P><STRONG><a name="[2d]"></a>SPI1_IRQHandler</STRONG> (Thumb, 0 bytes, Stack size 0 bytes, startup_stm32f103xb.o(.text))
<BR>[Address Reference Count : 1]<UL><LI> startup_stm32f103xb.o(RESET)
</UL>
<P><STRONG><a name="[2e]"></a>SPI2_IRQHandler</STRONG> (Thumb, 0 bytes, Stack size 0 bytes, startup_stm32f103xb.o(.text))
<BR>[Address Reference Count : 1]<UL><LI> startup_stm32f103xb.o(RESET)
</UL>
<P><STRONG><a name="[c]"></a>TAMPER_IRQHandler</STRONG> (Thumb, 0 bytes, Stack size 0 bytes, startup_stm32f103xb.o(.text))
<BR>[Address Reference Count : 1]<UL><LI> startup_stm32f103xb.o(RESET)
</UL>
<P><STRONG><a name="[22]"></a>TIM1_BRK_IRQHandler</STRONG> (Thumb, 0 bytes, Stack size 0 bytes, startup_stm32f103xb.o(.text))
<BR>[Address Reference Count : 1]<UL><LI> startup_stm32f103xb.o(RESET)
</UL>
<P><STRONG><a name="[25]"></a>TIM1_CC_IRQHandler</STRONG> (Thumb, 0 bytes, Stack size 0 bytes, startup_stm32f103xb.o(.text))
<BR>[Address Reference Count : 1]<UL><LI> startup_stm32f103xb.o(RESET)
</UL>
<P><STRONG><a name="[24]"></a>TIM1_TRG_COM_IRQHandler</STRONG> (Thumb, 0 bytes, Stack size 0 bytes, startup_stm32f103xb.o(.text))
<BR>[Address Reference Count : 1]<UL><LI> startup_stm32f103xb.o(RESET)
</UL>
<P><STRONG><a name="[23]"></a>TIM1_UP_IRQHandler</STRONG> (Thumb, 0 bytes, Stack size 0 bytes, startup_stm32f103xb.o(.text))
<BR>[Address Reference Count : 1]<UL><LI> startup_stm32f103xb.o(RESET)
</UL>
<P><STRONG><a name="[26]"></a>TIM2_IRQHandler</STRONG> (Thumb, 0 bytes, Stack size 0 bytes, startup_stm32f103xb.o(.text))
<BR>[Address Reference Count : 1]<UL><LI> startup_stm32f103xb.o(RESET)
</UL>
<P><STRONG><a name="[27]"></a>TIM3_IRQHandler</STRONG> (Thumb, 0 bytes, Stack size 0 bytes, startup_stm32f103xb.o(.text))
<BR>[Address Reference Count : 1]<UL><LI> startup_stm32f103xb.o(RESET)
</UL>
<P><STRONG><a name="[28]"></a>TIM4_IRQHandler</STRONG> (Thumb, 0 bytes, Stack size 0 bytes, startup_stm32f103xb.o(.text))
<BR>[Address Reference Count : 1]<UL><LI> startup_stm32f103xb.o(RESET)
</UL>
<P><STRONG><a name="[2f]"></a>USART1_IRQHandler</STRONG> (Thumb, 0 bytes, Stack size 0 bytes, startup_stm32f103xb.o(.text))
<BR>[Address Reference Count : 1]<UL><LI> startup_stm32f103xb.o(RESET)
</UL>
<P><STRONG><a name="[30]"></a>USART2_IRQHandler</STRONG> (Thumb, 0 bytes, Stack size 0 bytes, startup_stm32f103xb.o(.text))
<BR>[Address Reference Count : 1]<UL><LI> startup_stm32f103xb.o(RESET)
</UL>
<P><STRONG><a name="[31]"></a>USART3_IRQHandler</STRONG> (Thumb, 0 bytes, Stack size 0 bytes, startup_stm32f103xb.o(.text))
<BR>[Address Reference Count : 1]<UL><LI> startup_stm32f103xb.o(RESET)
</UL>
<P><STRONG><a name="[34]"></a>USBWakeUp_IRQHandler</STRONG> (Thumb, 0 bytes, Stack size 0 bytes, startup_stm32f103xb.o(.text))
<BR>[Address Reference Count : 1]<UL><LI> startup_stm32f103xb.o(RESET)
</UL>
<P><STRONG><a name="[1d]"></a>USB_HP_CAN1_TX_IRQHandler</STRONG> (Thumb, 0 bytes, Stack size 0 bytes, startup_stm32f103xb.o(.text))
<BR>[Address Reference Count : 1]<UL><LI> startup_stm32f103xb.o(RESET)
</UL>
<P><STRONG><a name="[1e]"></a>USB_LP_CAN1_RX0_IRQHandler</STRONG> (Thumb, 0 bytes, Stack size 0 bytes, startup_stm32f103xb.o(.text))
<BR>[Address Reference Count : 1]<UL><LI> startup_stm32f103xb.o(RESET)
</UL>
<P><STRONG><a name="[a]"></a>WWDG_IRQHandler</STRONG> (Thumb, 0 bytes, Stack size 0 bytes, startup_stm32f103xb.o(.text))
<BR>[Address Reference Count : 1]<UL><LI> startup_stm32f103xb.o(RESET)
</UL>
<P><STRONG><a name="[39]"></a>__scatterload</STRONG> (Thumb, 28 bytes, Stack size 0 bytes, init.o(.text))
<BR><BR>[Calls]<UL><LI><a href="#[3a]">&gt;&gt;</a>&nbsp;&nbsp;&nbsp;__main_after_scatterload
</UL>
<BR>[Called By]<UL><LI><a href="#[38]">&gt;&gt;</a>&nbsp;&nbsp;&nbsp;_main_scatterload
</UL>

<P><STRONG><a name="[a7]"></a>__scatterload_rt2</STRONG> (Thumb, 0 bytes, Stack size 0 bytes, init.o(.text), UNUSED)

<P><STRONG><a name="[4]"></a>BusFault_Handler</STRONG> (Thumb, 4 bytes, Stack size 0 bytes, lto-llvm-1168fe.o(.text.BusFault_Handler))
<BR>[Address Reference Count : 1]<UL><LI> startup_stm32f103xb.o(RESET)
</UL>
<P><STRONG><a name="[15]"></a>DMA1_Channel1_IRQHandler</STRONG> (Thumb, 2 bytes, Stack size 0 bytes, lto-llvm-1168fe.o(.text.DMA1_Channel1_IRQHandler))
<BR>[Address Reference Count : 1]<UL><LI> startup_stm32f103xb.o(RESET)
</UL>
<P><STRONG><a name="[19]"></a>DMA1_Channel5_IRQHandler</STRONG> (Thumb, 2 bytes, Stack size 0 bytes, lto-llvm-1168fe.o(.text.DMA1_Channel5_IRQHandler))
<BR>[Address Reference Count : 1]<UL><LI> startup_stm32f103xb.o(RESET)
</UL>
<P><STRONG><a name="[7]"></a>DebugMon_Handler</STRONG> (Thumb, 2 bytes, Stack size 0 bytes, lto-llvm-1168fe.o(.text.DebugMon_Handler))
<BR>[Address Reference Count : 1]<UL><LI> startup_stm32f103xb.o(RESET)
</UL>
<P><STRONG><a name="[2]"></a>HardFault_Handler</STRONG> (Thumb, 4 bytes, Stack size 0 bytes, lto-llvm-1168fe.o(.text.HardFault_Handler))
<BR>[Address Reference Count : 1]<UL><LI> startup_stm32f103xb.o(RESET)
</UL>
<P><STRONG><a name="[3]"></a>MemManage_Handler</STRONG> (Thumb, 4 bytes, Stack size 0 bytes, lto-llvm-1168fe.o(.text.MemManage_Handler))
<BR>[Address Reference Count : 1]<UL><LI> startup_stm32f103xb.o(RESET)
</UL>
<P><STRONG><a name="[1]"></a>NMI_Handler</STRONG> (Thumb, 4 bytes, Stack size 0 bytes, lto-llvm-1168fe.o(.text.NMI_Handler))
<BR>[Address Reference Count : 1]<UL><LI> startup_stm32f103xb.o(RESET)
</UL>
<P><STRONG><a name="[8]"></a>PendSV_Handler</STRONG> (Thumb, 2 bytes, Stack size 0 bytes, lto-llvm-1168fe.o(.text.PendSV_Handler))
<BR>[Address Reference Count : 1]<UL><LI> startup_stm32f103xb.o(RESET)
</UL>
<P><STRONG><a name="[6]"></a>SVC_Handler</STRONG> (Thumb, 2 bytes, Stack size 0 bytes, lto-llvm-1168fe.o(.text.SVC_Handler))
<BR>[Address Reference Count : 1]<UL><LI> startup_stm32f103xb.o(RESET)
</UL>
<P><STRONG><a name="[9]"></a>SysTick_Handler</STRONG> (Thumb, 2 bytes, Stack size 0 bytes, lto-llvm-1168fe.o(.text.SysTick_Handler))
<BR>[Address Reference Count : 1]<UL><LI> startup_stm32f103xb.o(RESET)
</UL>
<P><STRONG><a name="[36]"></a>SystemInit</STRONG> (Thumb, 2 bytes, Stack size 0 bytes, lto-llvm-1168fe.o(.text.SystemInit))
<BR>[Address Reference Count : 1]<UL><LI> startup_stm32f103xb.o(.text)
</UL>
<P><STRONG><a name="[5]"></a>UsageFault_Handler</STRONG> (Thumb, 4 bytes, Stack size 0 bytes, lto-llvm-1168fe.o(.text.UsageFault_Handler))
<BR>[Address Reference Count : 1]<UL><LI> startup_stm32f103xb.o(RESET)
</UL>
<P><STRONG><a name="[35]"></a>main</STRONG> (Thumb, 52 bytes, Stack size 16 bytes, lto-llvm-1168fe.o(.text.main))
<BR><BR>[Stack]<UL><LI>Max Depth = 176<LI>Call Chain = main &rArr; MX_USART1_UART_Init &rArr; LL_USART_Init &rArr; LL_RCC_GetSystemClocksFreq &rArr; RCC_GetSystemClockFreq &rArr; RCC_PLL_GetFreqDomain_SYS
</UL>
<BR>[Calls]<UL><LI><a href="#[5b]">&gt;&gt;</a>&nbsp;&nbsp;&nbsp;MX_ADC1_Init
<LI><a href="#[6f]">&gt;&gt;</a>&nbsp;&nbsp;&nbsp;MX_TIM4_Init
<LI><a href="#[77]">&gt;&gt;</a>&nbsp;&nbsp;&nbsp;MX_USART1_UART_Init
<LI><a href="#[66]">&gt;&gt;</a>&nbsp;&nbsp;&nbsp;MX_DMA_Init
<LI><a href="#[6c]">&gt;&gt;</a>&nbsp;&nbsp;&nbsp;MX_GPIO_Init
<LI><a href="#[8e]">&gt;&gt;</a>&nbsp;&nbsp;&nbsp;SystemClock_Config
<LI><a href="#[a0]">&gt;&gt;</a>&nbsp;&nbsp;&nbsp;LL_GPIO_AF_Remap_SWJ_NOJTAG
<LI><a href="#[9f]">&gt;&gt;</a>&nbsp;&nbsp;&nbsp;__NVIC_SetPriorityGrouping
<LI><a href="#[9e]">&gt;&gt;</a>&nbsp;&nbsp;&nbsp;LL_APB1_GRP1_EnableClock
<LI><a href="#[9d]">&gt;&gt;</a>&nbsp;&nbsp;&nbsp;LL_APB2_GRP1_EnableClock
</UL>
<BR>[Address Reference Count : 1]<UL><LI> entry9a.o(.ARM.Collect$$$$0000000B)
</UL>
<P><STRONG><a name="[a8]"></a>__scatterload_copy</STRONG> (Thumb, 14 bytes, Stack size unknown bytes, handlers.o(i.__scatterload_copy), UNUSED)

<P><STRONG><a name="[a9]"></a>__scatterload_null</STRONG> (Thumb, 2 bytes, Stack size unknown bytes, handlers.o(i.__scatterload_null), UNUSED)

<P><STRONG><a name="[aa]"></a>__scatterload_zeroinit</STRONG> (Thumb, 14 bytes, Stack size unknown bytes, handlers.o(i.__scatterload_zeroinit), UNUSED)
<P>
<H3>
Local Symbols
</H3>
<P><STRONG><a name="[9d]"></a>LL_APB2_GRP1_EnableClock</STRONG> (Thumb, 36 bytes, Stack size 8 bytes, lto-llvm-1168fe.o(.text.LL_APB2_GRP1_EnableClock))
<BR><BR>[Stack]<UL><LI>Max Depth = 8<LI>Call Chain = LL_APB2_GRP1_EnableClock
</UL>
<BR>[Called By]<UL><LI><a href="#[35]">&gt;&gt;</a>&nbsp;&nbsp;&nbsp;main
</UL>

<P><STRONG><a name="[9e]"></a>LL_APB1_GRP1_EnableClock</STRONG> (Thumb, 38 bytes, Stack size 8 bytes, lto-llvm-1168fe.o(.text.LL_APB1_GRP1_EnableClock))
<BR><BR>[Stack]<UL><LI>Max Depth = 8<LI>Call Chain = LL_APB1_GRP1_EnableClock
</UL>
<BR>[Called By]<UL><LI><a href="#[35]">&gt;&gt;</a>&nbsp;&nbsp;&nbsp;main
</UL>

<P><STRONG><a name="[9f]"></a>__NVIC_SetPriorityGrouping</STRONG> (Thumb, 62 bytes, Stack size 12 bytes, lto-llvm-1168fe.o(.text.__NVIC_SetPriorityGrouping))
<BR><BR>[Stack]<UL><LI>Max Depth = 12<LI>Call Chain = __NVIC_SetPriorityGrouping
</UL>
<BR>[Called By]<UL><LI><a href="#[35]">&gt;&gt;</a>&nbsp;&nbsp;&nbsp;main
</UL>

<P><STRONG><a name="[a0]"></a>LL_GPIO_AF_Remap_SWJ_NOJTAG</STRONG> (Thumb, 24 bytes, Stack size 0 bytes, lto-llvm-1168fe.o(.text.LL_GPIO_AF_Remap_SWJ_NOJTAG))
<BR><BR>[Called By]<UL><LI><a href="#[35]">&gt;&gt;</a>&nbsp;&nbsp;&nbsp;main
</UL>

<P><STRONG><a name="[8e]"></a>SystemClock_Config</STRONG> (Thumb, 104 bytes, Stack size 8 bytes, lto-llvm-1168fe.o(.text.SystemClock_Config))
<BR><BR>[Stack]<UL><LI>Max Depth = 32<LI>Call Chain = SystemClock_Config &rArr; LL_Init1msTick &rArr; LL_InitTick
</UL>
<BR>[Calls]<UL><LI><a href="#[9c]">&gt;&gt;</a>&nbsp;&nbsp;&nbsp;LL_RCC_SetADCClockSource
<LI><a href="#[9b]">&gt;&gt;</a>&nbsp;&nbsp;&nbsp;LL_SetSystemCoreClock
<LI><a href="#[45]">&gt;&gt;</a>&nbsp;&nbsp;&nbsp;LL_Init1msTick
<LI><a href="#[9a]">&gt;&gt;</a>&nbsp;&nbsp;&nbsp;LL_RCC_GetSysClkSource
<LI><a href="#[99]">&gt;&gt;</a>&nbsp;&nbsp;&nbsp;LL_RCC_SetSysClkSource
<LI><a href="#[98]">&gt;&gt;</a>&nbsp;&nbsp;&nbsp;LL_RCC_SetAPB2Prescaler
<LI><a href="#[97]">&gt;&gt;</a>&nbsp;&nbsp;&nbsp;LL_RCC_SetAPB1Prescaler
<LI><a href="#[96]">&gt;&gt;</a>&nbsp;&nbsp;&nbsp;LL_RCC_SetAHBPrescaler
<LI><a href="#[95]">&gt;&gt;</a>&nbsp;&nbsp;&nbsp;LL_RCC_PLL_IsReady
<LI><a href="#[94]">&gt;&gt;</a>&nbsp;&nbsp;&nbsp;LL_RCC_PLL_Enable
<LI><a href="#[93]">&gt;&gt;</a>&nbsp;&nbsp;&nbsp;LL_RCC_PLL_ConfigDomain_SYS
<LI><a href="#[92]">&gt;&gt;</a>&nbsp;&nbsp;&nbsp;LL_RCC_HSE_IsReady
<LI><a href="#[91]">&gt;&gt;</a>&nbsp;&nbsp;&nbsp;LL_RCC_HSE_Enable
<LI><a href="#[90]">&gt;&gt;</a>&nbsp;&nbsp;&nbsp;LL_FLASH_GetLatency
<LI><a href="#[8f]">&gt;&gt;</a>&nbsp;&nbsp;&nbsp;LL_FLASH_SetLatency
</UL>
<BR>[Called By]<UL><LI><a href="#[35]">&gt;&gt;</a>&nbsp;&nbsp;&nbsp;main
</UL>

<P><STRONG><a name="[6c]"></a>MX_GPIO_Init</STRONG> (Thumb, 104 bytes, Stack size 40 bytes, lto-llvm-1168fe.o(.text.MX_GPIO_Init))
<BR><BR>[Stack]<UL><LI>Max Depth = 88<LI>Call Chain = MX_GPIO_Init &rArr; LL_GPIO_Init &rArr; LL_GPIO_SetPinOutputType
</UL>
<BR>[Calls]<UL><LI><a href="#[40]">&gt;&gt;</a>&nbsp;&nbsp;&nbsp;LL_GPIO_Init
<LI><a href="#[6e]">&gt;&gt;</a>&nbsp;&nbsp;&nbsp;LL_GPIO_ResetOutputPin
<LI><a href="#[6d]">&gt;&gt;</a>&nbsp;&nbsp;&nbsp;LL_APB2_GRP1_EnableClock.3
</UL>
<BR>[Called By]<UL><LI><a href="#[35]">&gt;&gt;</a>&nbsp;&nbsp;&nbsp;main
</UL>

<P><STRONG><a name="[66]"></a>MX_DMA_Init</STRONG> (Thumb, 52 bytes, Stack size 8 bytes, lto-llvm-1168fe.o(.text.MX_DMA_Init))
<BR><BR>[Stack]<UL><LI>Max Depth = 32<LI>Call Chain = MX_DMA_Init &rArr; NVIC_EncodePriority
</UL>
<BR>[Calls]<UL><LI><a href="#[6b]">&gt;&gt;</a>&nbsp;&nbsp;&nbsp;__NVIC_EnableIRQ
<LI><a href="#[6a]">&gt;&gt;</a>&nbsp;&nbsp;&nbsp;__NVIC_SetPriority
<LI><a href="#[69]">&gt;&gt;</a>&nbsp;&nbsp;&nbsp;NVIC_EncodePriority
<LI><a href="#[68]">&gt;&gt;</a>&nbsp;&nbsp;&nbsp;__NVIC_GetPriorityGrouping
<LI><a href="#[67]">&gt;&gt;</a>&nbsp;&nbsp;&nbsp;LL_AHB1_GRP1_EnableClock
</UL>
<BR>[Called By]<UL><LI><a href="#[35]">&gt;&gt;</a>&nbsp;&nbsp;&nbsp;main
</UL>

<P><STRONG><a name="[77]"></a>MX_USART1_UART_Init</STRONG> (Thumb, 166 bytes, Stack size 72 bytes, lto-llvm-1168fe.o(.text.MX_USART1_UART_Init))
<BR><BR>[Stack]<UL><LI>Max Depth = 160<LI>Call Chain = MX_USART1_UART_Init &rArr; LL_USART_Init &rArr; LL_RCC_GetSystemClocksFreq &rArr; RCC_GetSystemClockFreq &rArr; RCC_PLL_GetFreqDomain_SYS
</UL>
<BR>[Calls]<UL><LI><a href="#[81]">&gt;&gt;</a>&nbsp;&nbsp;&nbsp;LL_USART_Enable
<LI><a href="#[80]">&gt;&gt;</a>&nbsp;&nbsp;&nbsp;LL_USART_ConfigAsyncMode
<LI><a href="#[56]">&gt;&gt;</a>&nbsp;&nbsp;&nbsp;LL_USART_Init
<LI><a href="#[7f]">&gt;&gt;</a>&nbsp;&nbsp;&nbsp;LL_DMA_SetMemorySize.22
<LI><a href="#[7e]">&gt;&gt;</a>&nbsp;&nbsp;&nbsp;LL_DMA_SetPeriphSize.21
<LI><a href="#[7d]">&gt;&gt;</a>&nbsp;&nbsp;&nbsp;LL_DMA_SetMemoryIncMode.20
<LI><a href="#[7c]">&gt;&gt;</a>&nbsp;&nbsp;&nbsp;LL_DMA_SetPeriphIncMode.19
<LI><a href="#[7b]">&gt;&gt;</a>&nbsp;&nbsp;&nbsp;LL_DMA_SetMode.18
<LI><a href="#[7a]">&gt;&gt;</a>&nbsp;&nbsp;&nbsp;LL_DMA_SetChannelPriorityLevel.17
<LI><a href="#[79]">&gt;&gt;</a>&nbsp;&nbsp;&nbsp;LL_DMA_SetDataTransferDirection.16
<LI><a href="#[78]">&gt;&gt;</a>&nbsp;&nbsp;&nbsp;LL_APB2_GRP1_EnableClock.15
<LI><a href="#[40]">&gt;&gt;</a>&nbsp;&nbsp;&nbsp;LL_GPIO_Init
</UL>
<BR>[Called By]<UL><LI><a href="#[35]">&gt;&gt;</a>&nbsp;&nbsp;&nbsp;main
</UL>

<P><STRONG><a name="[6f]"></a>MX_TIM4_Init</STRONG> (Thumb, 228 bytes, Stack size 88 bytes, lto-llvm-1168fe.o(.text.MX_TIM4_Init))
<BR><BR>[Stack]<UL><LI>Max Depth = 152<LI>Call Chain = MX_TIM4_Init &rArr; LL_TIM_OC_Init &rArr; OC4Config &rArr; LL_TIM_OC_SetCompareCH4
</UL>
<BR>[Calls]<UL><LI><a href="#[76]">&gt;&gt;</a>&nbsp;&nbsp;&nbsp;LL_APB2_GRP1_EnableClock.12
<LI><a href="#[75]">&gt;&gt;</a>&nbsp;&nbsp;&nbsp;LL_TIM_DisableMasterSlaveMode
<LI><a href="#[74]">&gt;&gt;</a>&nbsp;&nbsp;&nbsp;LL_TIM_SetTriggerOutput
<LI><a href="#[73]">&gt;&gt;</a>&nbsp;&nbsp;&nbsp;LL_TIM_OC_DisableFast
<LI><a href="#[51]">&gt;&gt;</a>&nbsp;&nbsp;&nbsp;LL_TIM_OC_Init
<LI><a href="#[72]">&gt;&gt;</a>&nbsp;&nbsp;&nbsp;LL_TIM_OC_EnablePreload
<LI><a href="#[71]">&gt;&gt;</a>&nbsp;&nbsp;&nbsp;LL_TIM_EnableARRPreload
<LI><a href="#[4c]">&gt;&gt;</a>&nbsp;&nbsp;&nbsp;LL_TIM_Init
<LI><a href="#[70]">&gt;&gt;</a>&nbsp;&nbsp;&nbsp;LL_APB1_GRP1_EnableClock.11
<LI><a href="#[40]">&gt;&gt;</a>&nbsp;&nbsp;&nbsp;LL_GPIO_Init
</UL>
<BR>[Called By]<UL><LI><a href="#[35]">&gt;&gt;</a>&nbsp;&nbsp;&nbsp;main
</UL>

<P><STRONG><a name="[5b]"></a>MX_ADC1_Init</STRONG> (Thumb, 222 bytes, Stack size 72 bytes, lto-llvm-1168fe.o(.text.MX_ADC1_Init))
<BR><BR>[Stack]<UL><LI>Max Depth = 120<LI>Call Chain = MX_ADC1_Init &rArr; LL_GPIO_Init &rArr; LL_GPIO_SetPinOutputType
</UL>
<BR>[Calls]<UL><LI><a href="#[65]">&gt;&gt;</a>&nbsp;&nbsp;&nbsp;LL_ADC_SetChannelSamplingTime
<LI><a href="#[64]">&gt;&gt;</a>&nbsp;&nbsp;&nbsp;LL_ADC_REG_SetSequencerRanks
<LI><a href="#[3e]">&gt;&gt;</a>&nbsp;&nbsp;&nbsp;LL_ADC_REG_Init
<LI><a href="#[3b]">&gt;&gt;</a>&nbsp;&nbsp;&nbsp;LL_ADC_CommonInit
<LI><a href="#[3d]">&gt;&gt;</a>&nbsp;&nbsp;&nbsp;LL_ADC_Init
<LI><a href="#[63]">&gt;&gt;</a>&nbsp;&nbsp;&nbsp;LL_DMA_SetMemorySize
<LI><a href="#[62]">&gt;&gt;</a>&nbsp;&nbsp;&nbsp;LL_DMA_SetPeriphSize
<LI><a href="#[61]">&gt;&gt;</a>&nbsp;&nbsp;&nbsp;LL_DMA_SetMemoryIncMode
<LI><a href="#[60]">&gt;&gt;</a>&nbsp;&nbsp;&nbsp;LL_DMA_SetPeriphIncMode
<LI><a href="#[5f]">&gt;&gt;</a>&nbsp;&nbsp;&nbsp;LL_DMA_SetMode
<LI><a href="#[5e]">&gt;&gt;</a>&nbsp;&nbsp;&nbsp;LL_DMA_SetChannelPriorityLevel
<LI><a href="#[5d]">&gt;&gt;</a>&nbsp;&nbsp;&nbsp;LL_DMA_SetDataTransferDirection
<LI><a href="#[5c]">&gt;&gt;</a>&nbsp;&nbsp;&nbsp;LL_APB2_GRP1_EnableClock.6
<LI><a href="#[40]">&gt;&gt;</a>&nbsp;&nbsp;&nbsp;LL_GPIO_Init
</UL>
<BR>[Called By]<UL><LI><a href="#[35]">&gt;&gt;</a>&nbsp;&nbsp;&nbsp;main
</UL>

<P><STRONG><a name="[8f]"></a>LL_FLASH_SetLatency</STRONG> (Thumb, 30 bytes, Stack size 4 bytes, lto-llvm-1168fe.o(.text.LL_FLASH_SetLatency))
<BR><BR>[Stack]<UL><LI>Max Depth = 4<LI>Call Chain = LL_FLASH_SetLatency
</UL>
<BR>[Called By]<UL><LI><a href="#[8e]">&gt;&gt;</a>&nbsp;&nbsp;&nbsp;SystemClock_Config
</UL>

<P><STRONG><a name="[90]"></a>LL_FLASH_GetLatency</STRONG> (Thumb, 16 bytes, Stack size 0 bytes, lto-llvm-1168fe.o(.text.LL_FLASH_GetLatency))
<BR><BR>[Called By]<UL><LI><a href="#[8e]">&gt;&gt;</a>&nbsp;&nbsp;&nbsp;SystemClock_Config
</UL>

<P><STRONG><a name="[91]"></a>LL_RCC_HSE_Enable</STRONG> (Thumb, 18 bytes, Stack size 0 bytes, lto-llvm-1168fe.o(.text.LL_RCC_HSE_Enable))
<BR><BR>[Called By]<UL><LI><a href="#[8e]">&gt;&gt;</a>&nbsp;&nbsp;&nbsp;SystemClock_Config
</UL>

<P><STRONG><a name="[92]"></a>LL_RCC_HSE_IsReady</STRONG> (Thumb, 16 bytes, Stack size 0 bytes, lto-llvm-1168fe.o(.text.LL_RCC_HSE_IsReady))
<BR><BR>[Called By]<UL><LI><a href="#[8e]">&gt;&gt;</a>&nbsp;&nbsp;&nbsp;SystemClock_Config
</UL>

<P><STRONG><a name="[93]"></a>LL_RCC_PLL_ConfigDomain_SYS</STRONG> (Thumb, 46 bytes, Stack size 8 bytes, lto-llvm-1168fe.o(.text.LL_RCC_PLL_ConfigDomain_SYS))
<BR><BR>[Stack]<UL><LI>Max Depth = 8<LI>Call Chain = LL_RCC_PLL_ConfigDomain_SYS
</UL>
<BR>[Called By]<UL><LI><a href="#[8e]">&gt;&gt;</a>&nbsp;&nbsp;&nbsp;SystemClock_Config
</UL>

<P><STRONG><a name="[94]"></a>LL_RCC_PLL_Enable</STRONG> (Thumb, 18 bytes, Stack size 0 bytes, lto-llvm-1168fe.o(.text.LL_RCC_PLL_Enable))
<BR><BR>[Called By]<UL><LI><a href="#[8e]">&gt;&gt;</a>&nbsp;&nbsp;&nbsp;SystemClock_Config
</UL>

<P><STRONG><a name="[95]"></a>LL_RCC_PLL_IsReady</STRONG> (Thumb, 16 bytes, Stack size 0 bytes, lto-llvm-1168fe.o(.text.LL_RCC_PLL_IsReady))
<BR><BR>[Called By]<UL><LI><a href="#[8e]">&gt;&gt;</a>&nbsp;&nbsp;&nbsp;SystemClock_Config
</UL>

<P><STRONG><a name="[96]"></a>LL_RCC_SetAHBPrescaler</STRONG> (Thumb, 30 bytes, Stack size 4 bytes, lto-llvm-1168fe.o(.text.LL_RCC_SetAHBPrescaler))
<BR><BR>[Stack]<UL><LI>Max Depth = 4<LI>Call Chain = LL_RCC_SetAHBPrescaler
</UL>
<BR>[Called By]<UL><LI><a href="#[8e]">&gt;&gt;</a>&nbsp;&nbsp;&nbsp;SystemClock_Config
</UL>

<P><STRONG><a name="[97]"></a>LL_RCC_SetAPB1Prescaler</STRONG> (Thumb, 32 bytes, Stack size 4 bytes, lto-llvm-1168fe.o(.text.LL_RCC_SetAPB1Prescaler))
<BR><BR>[Stack]<UL><LI>Max Depth = 4<LI>Call Chain = LL_RCC_SetAPB1Prescaler
</UL>
<BR>[Called By]<UL><LI><a href="#[8e]">&gt;&gt;</a>&nbsp;&nbsp;&nbsp;SystemClock_Config
</UL>

<P><STRONG><a name="[98]"></a>LL_RCC_SetAPB2Prescaler</STRONG> (Thumb, 30 bytes, Stack size 4 bytes, lto-llvm-1168fe.o(.text.LL_RCC_SetAPB2Prescaler))
<BR><BR>[Stack]<UL><LI>Max Depth = 4<LI>Call Chain = LL_RCC_SetAPB2Prescaler
</UL>
<BR>[Called By]<UL><LI><a href="#[8e]">&gt;&gt;</a>&nbsp;&nbsp;&nbsp;SystemClock_Config
</UL>

<P><STRONG><a name="[99]"></a>LL_RCC_SetSysClkSource</STRONG> (Thumb, 30 bytes, Stack size 4 bytes, lto-llvm-1168fe.o(.text.LL_RCC_SetSysClkSource))
<BR><BR>[Stack]<UL><LI>Max Depth = 4<LI>Call Chain = LL_RCC_SetSysClkSource
</UL>
<BR>[Called By]<UL><LI><a href="#[8e]">&gt;&gt;</a>&nbsp;&nbsp;&nbsp;SystemClock_Config
</UL>

<P><STRONG><a name="[9a]"></a>LL_RCC_GetSysClkSource</STRONG> (Thumb, 16 bytes, Stack size 0 bytes, lto-llvm-1168fe.o(.text.LL_RCC_GetSysClkSource))
<BR><BR>[Called By]<UL><LI><a href="#[8e]">&gt;&gt;</a>&nbsp;&nbsp;&nbsp;SystemClock_Config
</UL>

<P><STRONG><a name="[45]"></a>LL_Init1msTick</STRONG> (Thumb, 24 bytes, Stack size 16 bytes, lto-llvm-1168fe.o(.text.LL_Init1msTick))
<BR><BR>[Stack]<UL><LI>Max Depth = 24<LI>Call Chain = LL_Init1msTick &rArr; LL_InitTick
</UL>
<BR>[Calls]<UL><LI><a href="#[46]">&gt;&gt;</a>&nbsp;&nbsp;&nbsp;LL_InitTick
</UL>
<BR>[Called By]<UL><LI><a href="#[8e]">&gt;&gt;</a>&nbsp;&nbsp;&nbsp;SystemClock_Config
</UL>

<P><STRONG><a name="[9b]"></a>LL_SetSystemCoreClock</STRONG> (Thumb, 16 bytes, Stack size 4 bytes, lto-llvm-1168fe.o(.text.LL_SetSystemCoreClock))
<BR><BR>[Stack]<UL><LI>Max Depth = 4<LI>Call Chain = LL_SetSystemCoreClock
</UL>
<BR>[Called By]<UL><LI><a href="#[8e]">&gt;&gt;</a>&nbsp;&nbsp;&nbsp;SystemClock_Config
</UL>

<P><STRONG><a name="[9c]"></a>LL_RCC_SetADCClockSource</STRONG> (Thumb, 32 bytes, Stack size 4 bytes, lto-llvm-1168fe.o(.text.LL_RCC_SetADCClockSource))
<BR><BR>[Stack]<UL><LI>Max Depth = 4<LI>Call Chain = LL_RCC_SetADCClockSource
</UL>
<BR>[Called By]<UL><LI><a href="#[8e]">&gt;&gt;</a>&nbsp;&nbsp;&nbsp;SystemClock_Config
</UL>

<P><STRONG><a name="[6d]"></a>LL_APB2_GRP1_EnableClock.3</STRONG> (Thumb, 34 bytes, Stack size 8 bytes, lto-llvm-1168fe.o(.text.LL_APB2_GRP1_EnableClock.3))
<BR><BR>[Stack]<UL><LI>Max Depth = 8<LI>Call Chain = LL_APB2_GRP1_EnableClock.3
</UL>
<BR>[Called By]<UL><LI><a href="#[6c]">&gt;&gt;</a>&nbsp;&nbsp;&nbsp;MX_GPIO_Init
</UL>

<P><STRONG><a name="[6e]"></a>LL_GPIO_ResetOutputPin</STRONG> (Thumb, 32 bytes, Stack size 8 bytes, lto-llvm-1168fe.o(.text.LL_GPIO_ResetOutputPin))
<BR><BR>[Stack]<UL><LI>Max Depth = 8<LI>Call Chain = LL_GPIO_ResetOutputPin
</UL>
<BR>[Called By]<UL><LI><a href="#[6c]">&gt;&gt;</a>&nbsp;&nbsp;&nbsp;MX_GPIO_Init
</UL>

<P><STRONG><a name="[40]"></a>LL_GPIO_Init</STRONG> (Thumb, 196 bytes, Stack size 32 bytes, lto-llvm-1168fe.o(.text.LL_GPIO_Init))
<BR><BR>[Stack]<UL><LI>Max Depth = 48<LI>Call Chain = LL_GPIO_Init &rArr; LL_GPIO_SetPinOutputType
</UL>
<BR>[Calls]<UL><LI><a href="#[44]">&gt;&gt;</a>&nbsp;&nbsp;&nbsp;LL_GPIO_SetPinOutputType
<LI><a href="#[43]">&gt;&gt;</a>&nbsp;&nbsp;&nbsp;LL_GPIO_SetPinSpeed
<LI><a href="#[42]">&gt;&gt;</a>&nbsp;&nbsp;&nbsp;LL_GPIO_SetPinMode
<LI><a href="#[41]">&gt;&gt;</a>&nbsp;&nbsp;&nbsp;LL_GPIO_SetPinPull
</UL>
<BR>[Called By]<UL><LI><a href="#[5b]">&gt;&gt;</a>&nbsp;&nbsp;&nbsp;MX_ADC1_Init
<LI><a href="#[6f]">&gt;&gt;</a>&nbsp;&nbsp;&nbsp;MX_TIM4_Init
<LI><a href="#[77]">&gt;&gt;</a>&nbsp;&nbsp;&nbsp;MX_USART1_UART_Init
<LI><a href="#[6c]">&gt;&gt;</a>&nbsp;&nbsp;&nbsp;MX_GPIO_Init
</UL>

<P><STRONG><a name="[5c]"></a>LL_APB2_GRP1_EnableClock.6</STRONG> (Thumb, 34 bytes, Stack size 8 bytes, lto-llvm-1168fe.o(.text.LL_APB2_GRP1_EnableClock.6))
<BR><BR>[Stack]<UL><LI>Max Depth = 8<LI>Call Chain = LL_APB2_GRP1_EnableClock.6
</UL>
<BR>[Called By]<UL><LI><a href="#[5b]">&gt;&gt;</a>&nbsp;&nbsp;&nbsp;MX_ADC1_Init
</UL>

<P><STRONG><a name="[5d]"></a>LL_DMA_SetDataTransferDirection</STRONG> (Thumb, 64 bytes, Stack size 12 bytes, lto-llvm-1168fe.o(.text.LL_DMA_SetDataTransferDirection))
<BR><BR>[Stack]<UL><LI>Max Depth = 12<LI>Call Chain = LL_DMA_SetDataTransferDirection
</UL>
<BR>[Called By]<UL><LI><a href="#[5b]">&gt;&gt;</a>&nbsp;&nbsp;&nbsp;MX_ADC1_Init
</UL>

<P><STRONG><a name="[5e]"></a>LL_DMA_SetChannelPriorityLevel</STRONG> (Thumb, 64 bytes, Stack size 12 bytes, lto-llvm-1168fe.o(.text.LL_DMA_SetChannelPriorityLevel))
<BR><BR>[Stack]<UL><LI>Max Depth = 12<LI>Call Chain = LL_DMA_SetChannelPriorityLevel
</UL>
<BR>[Called By]<UL><LI><a href="#[5b]">&gt;&gt;</a>&nbsp;&nbsp;&nbsp;MX_ADC1_Init
</UL>

<P><STRONG><a name="[5f]"></a>LL_DMA_SetMode</STRONG> (Thumb, 62 bytes, Stack size 12 bytes, lto-llvm-1168fe.o(.text.LL_DMA_SetMode))
<BR><BR>[Stack]<UL><LI>Max Depth = 12<LI>Call Chain = LL_DMA_SetMode
</UL>
<BR>[Called By]<UL><LI><a href="#[5b]">&gt;&gt;</a>&nbsp;&nbsp;&nbsp;MX_ADC1_Init
</UL>

<P><STRONG><a name="[60]"></a>LL_DMA_SetPeriphIncMode</STRONG> (Thumb, 62 bytes, Stack size 12 bytes, lto-llvm-1168fe.o(.text.LL_DMA_SetPeriphIncMode))
<BR><BR>[Stack]<UL><LI>Max Depth = 12<LI>Call Chain = LL_DMA_SetPeriphIncMode
</UL>
<BR>[Called By]<UL><LI><a href="#[5b]">&gt;&gt;</a>&nbsp;&nbsp;&nbsp;MX_ADC1_Init
</UL>

<P><STRONG><a name="[61]"></a>LL_DMA_SetMemoryIncMode</STRONG> (Thumb, 62 bytes, Stack size 12 bytes, lto-llvm-1168fe.o(.text.LL_DMA_SetMemoryIncMode))
<BR><BR>[Stack]<UL><LI>Max Depth = 12<LI>Call Chain = LL_DMA_SetMemoryIncMode
</UL>
<BR>[Called By]<UL><LI><a href="#[5b]">&gt;&gt;</a>&nbsp;&nbsp;&nbsp;MX_ADC1_Init
</UL>

<P><STRONG><a name="[62]"></a>LL_DMA_SetPeriphSize</STRONG> (Thumb, 64 bytes, Stack size 12 bytes, lto-llvm-1168fe.o(.text.LL_DMA_SetPeriphSize))
<BR><BR>[Stack]<UL><LI>Max Depth = 12<LI>Call Chain = LL_DMA_SetPeriphSize
</UL>
<BR>[Called By]<UL><LI><a href="#[5b]">&gt;&gt;</a>&nbsp;&nbsp;&nbsp;MX_ADC1_Init
</UL>

<P><STRONG><a name="[63]"></a>LL_DMA_SetMemorySize</STRONG> (Thumb, 64 bytes, Stack size 12 bytes, lto-llvm-1168fe.o(.text.LL_DMA_SetMemorySize))
<BR><BR>[Stack]<UL><LI>Max Depth = 12<LI>Call Chain = LL_DMA_SetMemorySize
</UL>
<BR>[Called By]<UL><LI><a href="#[5b]">&gt;&gt;</a>&nbsp;&nbsp;&nbsp;MX_ADC1_Init
</UL>

<P><STRONG><a name="[3d]"></a>LL_ADC_Init</STRONG> (Thumb, 82 bytes, Stack size 24 bytes, lto-llvm-1168fe.o(.text.LL_ADC_Init))
<BR><BR>[Stack]<UL><LI>Max Depth = 28<LI>Call Chain = LL_ADC_Init &rArr; LL_ADC_IsEnabled
</UL>
<BR>[Calls]<UL><LI><a href="#[3c]">&gt;&gt;</a>&nbsp;&nbsp;&nbsp;LL_ADC_IsEnabled
</UL>
<BR>[Called By]<UL><LI><a href="#[5b]">&gt;&gt;</a>&nbsp;&nbsp;&nbsp;MX_ADC1_Init
</UL>

<P><STRONG><a name="[3b]"></a>LL_ADC_CommonInit</STRONG> (Thumb, 104 bytes, Stack size 24 bytes, lto-llvm-1168fe.o(.text.LL_ADC_CommonInit))
<BR><BR>[Stack]<UL><LI>Max Depth = 28<LI>Call Chain = LL_ADC_CommonInit &rArr; LL_ADC_IsEnabled
</UL>
<BR>[Calls]<UL><LI><a href="#[3c]">&gt;&gt;</a>&nbsp;&nbsp;&nbsp;LL_ADC_IsEnabled
</UL>
<BR>[Called By]<UL><LI><a href="#[5b]">&gt;&gt;</a>&nbsp;&nbsp;&nbsp;MX_ADC1_Init
</UL>

<P><STRONG><a name="[3e]"></a>LL_ADC_REG_Init</STRONG> (Thumb, 150 bytes, Stack size 24 bytes, lto-llvm-1168fe.o(.text.LL_ADC_REG_Init))
<BR><BR>[Stack]<UL><LI>Max Depth = 32<LI>Call Chain = LL_ADC_REG_Init &rArr; LL_ADC_REG_SetSequencerLength
</UL>
<BR>[Calls]<UL><LI><a href="#[3f]">&gt;&gt;</a>&nbsp;&nbsp;&nbsp;LL_ADC_REG_SetSequencerLength
<LI><a href="#[3c]">&gt;&gt;</a>&nbsp;&nbsp;&nbsp;LL_ADC_IsEnabled
</UL>
<BR>[Called By]<UL><LI><a href="#[5b]">&gt;&gt;</a>&nbsp;&nbsp;&nbsp;MX_ADC1_Init
</UL>

<P><STRONG><a name="[64]"></a>LL_ADC_REG_SetSequencerRanks</STRONG> (Thumb, 68 bytes, Stack size 16 bytes, lto-llvm-1168fe.o(.text.LL_ADC_REG_SetSequencerRanks))
<BR><BR>[Stack]<UL><LI>Max Depth = 16<LI>Call Chain = LL_ADC_REG_SetSequencerRanks
</UL>
<BR>[Called By]<UL><LI><a href="#[5b]">&gt;&gt;</a>&nbsp;&nbsp;&nbsp;MX_ADC1_Init
</UL>

<P><STRONG><a name="[65]"></a>LL_ADC_SetChannelSamplingTime</STRONG> (Thumb, 66 bytes, Stack size 16 bytes, lto-llvm-1168fe.o(.text.LL_ADC_SetChannelSamplingTime))
<BR><BR>[Stack]<UL><LI>Max Depth = 16<LI>Call Chain = LL_ADC_SetChannelSamplingTime
</UL>
<BR>[Called By]<UL><LI><a href="#[5b]">&gt;&gt;</a>&nbsp;&nbsp;&nbsp;MX_ADC1_Init
</UL>

<P><STRONG><a name="[67]"></a>LL_AHB1_GRP1_EnableClock</STRONG> (Thumb, 36 bytes, Stack size 8 bytes, lto-llvm-1168fe.o(.text.LL_AHB1_GRP1_EnableClock))
<BR><BR>[Stack]<UL><LI>Max Depth = 8<LI>Call Chain = LL_AHB1_GRP1_EnableClock
</UL>
<BR>[Called By]<UL><LI><a href="#[66]">&gt;&gt;</a>&nbsp;&nbsp;&nbsp;MX_DMA_Init
</UL>

<P><STRONG><a name="[68]"></a>__NVIC_GetPriorityGrouping</STRONG> (Thumb, 16 bytes, Stack size 0 bytes, lto-llvm-1168fe.o(.text.__NVIC_GetPriorityGrouping))
<BR><BR>[Called By]<UL><LI><a href="#[66]">&gt;&gt;</a>&nbsp;&nbsp;&nbsp;MX_DMA_Init
</UL>

<P><STRONG><a name="[69]"></a>NVIC_EncodePriority</STRONG> (Thumb, 100 bytes, Stack size 24 bytes, lto-llvm-1168fe.o(.text.NVIC_EncodePriority))
<BR><BR>[Stack]<UL><LI>Max Depth = 24<LI>Call Chain = NVIC_EncodePriority
</UL>
<BR>[Called By]<UL><LI><a href="#[66]">&gt;&gt;</a>&nbsp;&nbsp;&nbsp;MX_DMA_Init
</UL>

<P><STRONG><a name="[6a]"></a>__NVIC_SetPriority</STRONG> (Thumb, 66 bytes, Stack size 8 bytes, lto-llvm-1168fe.o(.text.__NVIC_SetPriority))
<BR><BR>[Stack]<UL><LI>Max Depth = 8<LI>Call Chain = __NVIC_SetPriority
</UL>
<BR>[Called By]<UL><LI><a href="#[66]">&gt;&gt;</a>&nbsp;&nbsp;&nbsp;MX_DMA_Init
</UL>

<P><STRONG><a name="[6b]"></a>__NVIC_EnableIRQ</STRONG> (Thumb, 50 bytes, Stack size 4 bytes, lto-llvm-1168fe.o(.text.__NVIC_EnableIRQ))
<BR><BR>[Stack]<UL><LI>Max Depth = 4<LI>Call Chain = __NVIC_EnableIRQ
</UL>
<BR>[Called By]<UL><LI><a href="#[66]">&gt;&gt;</a>&nbsp;&nbsp;&nbsp;MX_DMA_Init
</UL>

<P><STRONG><a name="[70]"></a>LL_APB1_GRP1_EnableClock.11</STRONG> (Thumb, 36 bytes, Stack size 8 bytes, lto-llvm-1168fe.o(.text.LL_APB1_GRP1_EnableClock.11))
<BR><BR>[Stack]<UL><LI>Max Depth = 8<LI>Call Chain = LL_APB1_GRP1_EnableClock.11
</UL>
<BR>[Called By]<UL><LI><a href="#[6f]">&gt;&gt;</a>&nbsp;&nbsp;&nbsp;MX_TIM4_Init
</UL>

<P><STRONG><a name="[4c]"></a>LL_TIM_Init</STRONG> (Thumb, 234 bytes, Stack size 24 bytes, lto-llvm-1168fe.o(.text.LL_TIM_Init))
<BR><BR>[Stack]<UL><LI>Max Depth = 32<LI>Call Chain = LL_TIM_Init &rArr; LL_TIM_SetRepetitionCounter
</UL>
<BR>[Calls]<UL><LI><a href="#[50]">&gt;&gt;</a>&nbsp;&nbsp;&nbsp;LL_TIM_GenerateEvent_UPDATE
<LI><a href="#[4f]">&gt;&gt;</a>&nbsp;&nbsp;&nbsp;LL_TIM_SetRepetitionCounter
<LI><a href="#[4e]">&gt;&gt;</a>&nbsp;&nbsp;&nbsp;LL_TIM_SetPrescaler
<LI><a href="#[4d]">&gt;&gt;</a>&nbsp;&nbsp;&nbsp;LL_TIM_SetAutoReload
</UL>
<BR>[Called By]<UL><LI><a href="#[6f]">&gt;&gt;</a>&nbsp;&nbsp;&nbsp;MX_TIM4_Init
</UL>

<P><STRONG><a name="[71]"></a>LL_TIM_EnableARRPreload</STRONG> (Thumb, 26 bytes, Stack size 4 bytes, lto-llvm-1168fe.o(.text.LL_TIM_EnableARRPreload))
<BR><BR>[Stack]<UL><LI>Max Depth = 4<LI>Call Chain = LL_TIM_EnableARRPreload
</UL>
<BR>[Called By]<UL><LI><a href="#[6f]">&gt;&gt;</a>&nbsp;&nbsp;&nbsp;MX_TIM4_Init
</UL>

<P><STRONG><a name="[72]"></a>LL_TIM_OC_EnablePreload</STRONG> (Thumb, 156 bytes, Stack size 16 bytes, lto-llvm-1168fe.o(.text.LL_TIM_OC_EnablePreload))
<BR><BR>[Stack]<UL><LI>Max Depth = 16<LI>Call Chain = LL_TIM_OC_EnablePreload
</UL>
<BR>[Called By]<UL><LI><a href="#[6f]">&gt;&gt;</a>&nbsp;&nbsp;&nbsp;MX_TIM4_Init
</UL>

<P><STRONG><a name="[51]"></a>LL_TIM_OC_Init</STRONG> (Thumb, 124 bytes, Stack size 24 bytes, lto-llvm-1168fe.o(.text.LL_TIM_OC_Init))
<BR><BR>[Stack]<UL><LI>Max Depth = 64<LI>Call Chain = LL_TIM_OC_Init &rArr; OC4Config &rArr; LL_TIM_OC_SetCompareCH4
</UL>
<BR>[Calls]<UL><LI><a href="#[55]">&gt;&gt;</a>&nbsp;&nbsp;&nbsp;OC4Config
<LI><a href="#[54]">&gt;&gt;</a>&nbsp;&nbsp;&nbsp;OC3Config
<LI><a href="#[53]">&gt;&gt;</a>&nbsp;&nbsp;&nbsp;OC2Config
<LI><a href="#[52]">&gt;&gt;</a>&nbsp;&nbsp;&nbsp;OC1Config
</UL>
<BR>[Called By]<UL><LI><a href="#[6f]">&gt;&gt;</a>&nbsp;&nbsp;&nbsp;MX_TIM4_Init
</UL>

<P><STRONG><a name="[73]"></a>LL_TIM_OC_DisableFast</STRONG> (Thumb, 158 bytes, Stack size 16 bytes, lto-llvm-1168fe.o(.text.LL_TIM_OC_DisableFast))
<BR><BR>[Stack]<UL><LI>Max Depth = 16<LI>Call Chain = LL_TIM_OC_DisableFast
</UL>
<BR>[Called By]<UL><LI><a href="#[6f]">&gt;&gt;</a>&nbsp;&nbsp;&nbsp;MX_TIM4_Init
</UL>

<P><STRONG><a name="[74]"></a>LL_TIM_SetTriggerOutput</STRONG> (Thumb, 36 bytes, Stack size 8 bytes, lto-llvm-1168fe.o(.text.LL_TIM_SetTriggerOutput))
<BR><BR>[Stack]<UL><LI>Max Depth = 8<LI>Call Chain = LL_TIM_SetTriggerOutput
</UL>
<BR>[Called By]<UL><LI><a href="#[6f]">&gt;&gt;</a>&nbsp;&nbsp;&nbsp;MX_TIM4_Init
</UL>

<P><STRONG><a name="[75]"></a>LL_TIM_DisableMasterSlaveMode</STRONG> (Thumb, 26 bytes, Stack size 4 bytes, lto-llvm-1168fe.o(.text.LL_TIM_DisableMasterSlaveMode))
<BR><BR>[Stack]<UL><LI>Max Depth = 4<LI>Call Chain = LL_TIM_DisableMasterSlaveMode
</UL>
<BR>[Called By]<UL><LI><a href="#[6f]">&gt;&gt;</a>&nbsp;&nbsp;&nbsp;MX_TIM4_Init
</UL>

<P><STRONG><a name="[76]"></a>LL_APB2_GRP1_EnableClock.12</STRONG> (Thumb, 36 bytes, Stack size 8 bytes, lto-llvm-1168fe.o(.text.LL_APB2_GRP1_EnableClock.12))
<BR><BR>[Stack]<UL><LI>Max Depth = 8<LI>Call Chain = LL_APB2_GRP1_EnableClock.12
</UL>
<BR>[Called By]<UL><LI><a href="#[6f]">&gt;&gt;</a>&nbsp;&nbsp;&nbsp;MX_TIM4_Init
</UL>

<P><STRONG><a name="[78]"></a>LL_APB2_GRP1_EnableClock.15</STRONG> (Thumb, 34 bytes, Stack size 8 bytes, lto-llvm-1168fe.o(.text.LL_APB2_GRP1_EnableClock.15))
<BR><BR>[Stack]<UL><LI>Max Depth = 8<LI>Call Chain = LL_APB2_GRP1_EnableClock.15
</UL>
<BR>[Called By]<UL><LI><a href="#[77]">&gt;&gt;</a>&nbsp;&nbsp;&nbsp;MX_USART1_UART_Init
</UL>

<P><STRONG><a name="[79]"></a>LL_DMA_SetDataTransferDirection.16</STRONG> (Thumb, 64 bytes, Stack size 12 bytes, lto-llvm-1168fe.o(.text.LL_DMA_SetDataTransferDirection.16))
<BR><BR>[Stack]<UL><LI>Max Depth = 12<LI>Call Chain = LL_DMA_SetDataTransferDirection.16
</UL>
<BR>[Called By]<UL><LI><a href="#[77]">&gt;&gt;</a>&nbsp;&nbsp;&nbsp;MX_USART1_UART_Init
</UL>

<P><STRONG><a name="[7a]"></a>LL_DMA_SetChannelPriorityLevel.17</STRONG> (Thumb, 64 bytes, Stack size 12 bytes, lto-llvm-1168fe.o(.text.LL_DMA_SetChannelPriorityLevel.17))
<BR><BR>[Stack]<UL><LI>Max Depth = 12<LI>Call Chain = LL_DMA_SetChannelPriorityLevel.17
</UL>
<BR>[Called By]<UL><LI><a href="#[77]">&gt;&gt;</a>&nbsp;&nbsp;&nbsp;MX_USART1_UART_Init
</UL>

<P><STRONG><a name="[7b]"></a>LL_DMA_SetMode.18</STRONG> (Thumb, 62 bytes, Stack size 12 bytes, lto-llvm-1168fe.o(.text.LL_DMA_SetMode.18))
<BR><BR>[Stack]<UL><LI>Max Depth = 12<LI>Call Chain = LL_DMA_SetMode.18
</UL>
<BR>[Called By]<UL><LI><a href="#[77]">&gt;&gt;</a>&nbsp;&nbsp;&nbsp;MX_USART1_UART_Init
</UL>

<P><STRONG><a name="[7c]"></a>LL_DMA_SetPeriphIncMode.19</STRONG> (Thumb, 62 bytes, Stack size 12 bytes, lto-llvm-1168fe.o(.text.LL_DMA_SetPeriphIncMode.19))
<BR><BR>[Stack]<UL><LI>Max Depth = 12<LI>Call Chain = LL_DMA_SetPeriphIncMode.19
</UL>
<BR>[Called By]<UL><LI><a href="#[77]">&gt;&gt;</a>&nbsp;&nbsp;&nbsp;MX_USART1_UART_Init
</UL>

<P><STRONG><a name="[7d]"></a>LL_DMA_SetMemoryIncMode.20</STRONG> (Thumb, 62 bytes, Stack size 12 bytes, lto-llvm-1168fe.o(.text.LL_DMA_SetMemoryIncMode.20))
<BR><BR>[Stack]<UL><LI>Max Depth = 12<LI>Call Chain = LL_DMA_SetMemoryIncMode.20
</UL>
<BR>[Called By]<UL><LI><a href="#[77]">&gt;&gt;</a>&nbsp;&nbsp;&nbsp;MX_USART1_UART_Init
</UL>

<P><STRONG><a name="[7e]"></a>LL_DMA_SetPeriphSize.21</STRONG> (Thumb, 62 bytes, Stack size 12 bytes, lto-llvm-1168fe.o(.text.LL_DMA_SetPeriphSize.21))
<BR><BR>[Stack]<UL><LI>Max Depth = 12<LI>Call Chain = LL_DMA_SetPeriphSize.21
</UL>
<BR>[Called By]<UL><LI><a href="#[77]">&gt;&gt;</a>&nbsp;&nbsp;&nbsp;MX_USART1_UART_Init
</UL>

<P><STRONG><a name="[7f]"></a>LL_DMA_SetMemorySize.22</STRONG> (Thumb, 62 bytes, Stack size 12 bytes, lto-llvm-1168fe.o(.text.LL_DMA_SetMemorySize.22))
<BR><BR>[Stack]<UL><LI>Max Depth = 12<LI>Call Chain = LL_DMA_SetMemorySize.22
</UL>
<BR>[Called By]<UL><LI><a href="#[77]">&gt;&gt;</a>&nbsp;&nbsp;&nbsp;MX_USART1_UART_Init
</UL>

<P><STRONG><a name="[56]"></a>LL_USART_Init</STRONG> (Thumb, 204 bytes, Stack size 40 bytes, lto-llvm-1168fe.o(.text.LL_USART_Init))
<BR><BR>[Stack]<UL><LI>Max Depth = 88<LI>Call Chain = LL_USART_Init &rArr; LL_RCC_GetSystemClocksFreq &rArr; RCC_GetSystemClockFreq &rArr; RCC_PLL_GetFreqDomain_SYS
</UL>
<BR>[Calls]<UL><LI><a href="#[5a]">&gt;&gt;</a>&nbsp;&nbsp;&nbsp;LL_USART_SetBaudRate
<LI><a href="#[59]">&gt;&gt;</a>&nbsp;&nbsp;&nbsp;LL_USART_SetHWFlowCtrl
<LI><a href="#[58]">&gt;&gt;</a>&nbsp;&nbsp;&nbsp;LL_USART_SetStopBitsLength
<LI><a href="#[57]">&gt;&gt;</a>&nbsp;&nbsp;&nbsp;LL_USART_IsEnabled
<LI><a href="#[47]">&gt;&gt;</a>&nbsp;&nbsp;&nbsp;LL_RCC_GetSystemClocksFreq
</UL>
<BR>[Called By]<UL><LI><a href="#[77]">&gt;&gt;</a>&nbsp;&nbsp;&nbsp;MX_USART1_UART_Init
</UL>

<P><STRONG><a name="[80]"></a>LL_USART_ConfigAsyncMode</STRONG> (Thumb, 36 bytes, Stack size 4 bytes, lto-llvm-1168fe.o(.text.LL_USART_ConfigAsyncMode))
<BR><BR>[Stack]<UL><LI>Max Depth = 4<LI>Call Chain = LL_USART_ConfigAsyncMode
</UL>
<BR>[Called By]<UL><LI><a href="#[77]">&gt;&gt;</a>&nbsp;&nbsp;&nbsp;MX_USART1_UART_Init
</UL>

<P><STRONG><a name="[81]"></a>LL_USART_Enable</STRONG> (Thumb, 26 bytes, Stack size 4 bytes, lto-llvm-1168fe.o(.text.LL_USART_Enable))
<BR><BR>[Stack]<UL><LI>Max Depth = 4<LI>Call Chain = LL_USART_Enable
</UL>
<BR>[Called By]<UL><LI><a href="#[77]">&gt;&gt;</a>&nbsp;&nbsp;&nbsp;MX_USART1_UART_Init
</UL>

<P><STRONG><a name="[41]"></a>LL_GPIO_SetPinPull</STRONG> (Thumb, 42 bytes, Stack size 12 bytes, lto-llvm-1168fe.o(.text.LL_GPIO_SetPinPull))
<BR><BR>[Stack]<UL><LI>Max Depth = 12<LI>Call Chain = LL_GPIO_SetPinPull
</UL>
<BR>[Called By]<UL><LI><a href="#[40]">&gt;&gt;</a>&nbsp;&nbsp;&nbsp;LL_GPIO_Init
</UL>

<P><STRONG><a name="[42]"></a>LL_GPIO_SetPinMode</STRONG> (Thumb, 54 bytes, Stack size 16 bytes, lto-llvm-1168fe.o(.text.LL_GPIO_SetPinMode))
<BR><BR>[Stack]<UL><LI>Max Depth = 16<LI>Call Chain = LL_GPIO_SetPinMode
</UL>
<BR>[Called By]<UL><LI><a href="#[40]">&gt;&gt;</a>&nbsp;&nbsp;&nbsp;LL_GPIO_Init
</UL>

<P><STRONG><a name="[43]"></a>LL_GPIO_SetPinSpeed</STRONG> (Thumb, 54 bytes, Stack size 16 bytes, lto-llvm-1168fe.o(.text.LL_GPIO_SetPinSpeed))
<BR><BR>[Stack]<UL><LI>Max Depth = 16<LI>Call Chain = LL_GPIO_SetPinSpeed
</UL>
<BR>[Called By]<UL><LI><a href="#[40]">&gt;&gt;</a>&nbsp;&nbsp;&nbsp;LL_GPIO_Init
</UL>

<P><STRONG><a name="[44]"></a>LL_GPIO_SetPinOutputType</STRONG> (Thumb, 54 bytes, Stack size 16 bytes, lto-llvm-1168fe.o(.text.LL_GPIO_SetPinOutputType))
<BR><BR>[Stack]<UL><LI>Max Depth = 16<LI>Call Chain = LL_GPIO_SetPinOutputType
</UL>
<BR>[Called By]<UL><LI><a href="#[40]">&gt;&gt;</a>&nbsp;&nbsp;&nbsp;LL_GPIO_Init
</UL>

<P><STRONG><a name="[3c]"></a>LL_ADC_IsEnabled</STRONG> (Thumb, 16 bytes, Stack size 4 bytes, lto-llvm-1168fe.o(.text.LL_ADC_IsEnabled))
<BR><BR>[Stack]<UL><LI>Max Depth = 4<LI>Call Chain = LL_ADC_IsEnabled
</UL>
<BR>[Called By]<UL><LI><a href="#[3e]">&gt;&gt;</a>&nbsp;&nbsp;&nbsp;LL_ADC_REG_Init
<LI><a href="#[3b]">&gt;&gt;</a>&nbsp;&nbsp;&nbsp;LL_ADC_CommonInit
<LI><a href="#[3d]">&gt;&gt;</a>&nbsp;&nbsp;&nbsp;LL_ADC_Init
</UL>

<P><STRONG><a name="[3f]"></a>LL_ADC_REG_SetSequencerLength</STRONG> (Thumb, 26 bytes, Stack size 8 bytes, lto-llvm-1168fe.o(.text.LL_ADC_REG_SetSequencerLength))
<BR><BR>[Stack]<UL><LI>Max Depth = 8<LI>Call Chain = LL_ADC_REG_SetSequencerLength
</UL>
<BR>[Called By]<UL><LI><a href="#[3e]">&gt;&gt;</a>&nbsp;&nbsp;&nbsp;LL_ADC_REG_Init
</UL>

<P><STRONG><a name="[89]"></a>LL_RCC_GetSysClkSource.36</STRONG> (Thumb, 16 bytes, Stack size 0 bytes, lto-llvm-1168fe.o(.text.LL_RCC_GetSysClkSource.36))
<BR><BR>[Called By]<UL><LI><a href="#[48]">&gt;&gt;</a>&nbsp;&nbsp;&nbsp;RCC_GetSystemClockFreq
</UL>

<P><STRONG><a name="[47]"></a>LL_RCC_GetSystemClocksFreq</STRONG> (Thumb, 54 bytes, Stack size 16 bytes, lto-llvm-1168fe.o(.text.LL_RCC_GetSystemClocksFreq))
<BR><BR>[Stack]<UL><LI>Max Depth = 48<LI>Call Chain = LL_RCC_GetSystemClocksFreq &rArr; RCC_GetSystemClockFreq &rArr; RCC_PLL_GetFreqDomain_SYS
</UL>
<BR>[Calls]<UL><LI><a href="#[4b]">&gt;&gt;</a>&nbsp;&nbsp;&nbsp;RCC_GetPCLK2ClockFreq
<LI><a href="#[4a]">&gt;&gt;</a>&nbsp;&nbsp;&nbsp;RCC_GetPCLK1ClockFreq
<LI><a href="#[49]">&gt;&gt;</a>&nbsp;&nbsp;&nbsp;RCC_GetHCLKClockFreq
<LI><a href="#[48]">&gt;&gt;</a>&nbsp;&nbsp;&nbsp;RCC_GetSystemClockFreq
</UL>
<BR>[Called By]<UL><LI><a href="#[56]">&gt;&gt;</a>&nbsp;&nbsp;&nbsp;LL_USART_Init
</UL>

<P><STRONG><a name="[48]"></a>RCC_GetSystemClockFreq</STRONG> (Thumb, 78 bytes, Stack size 16 bytes, lto-llvm-1168fe.o(.text.RCC_GetSystemClockFreq))
<BR><BR>[Stack]<UL><LI>Max Depth = 32<LI>Call Chain = RCC_GetSystemClockFreq &rArr; RCC_PLL_GetFreqDomain_SYS
</UL>
<BR>[Calls]<UL><LI><a href="#[8a]">&gt;&gt;</a>&nbsp;&nbsp;&nbsp;RCC_PLL_GetFreqDomain_SYS
<LI><a href="#[89]">&gt;&gt;</a>&nbsp;&nbsp;&nbsp;LL_RCC_GetSysClkSource.36
</UL>
<BR>[Called By]<UL><LI><a href="#[47]">&gt;&gt;</a>&nbsp;&nbsp;&nbsp;LL_RCC_GetSystemClocksFreq
</UL>

<P><STRONG><a name="[49]"></a>RCC_GetHCLKClockFreq</STRONG> (Thumb, 34 bytes, Stack size 16 bytes, lto-llvm-1168fe.o(.text.RCC_GetHCLKClockFreq))
<BR><BR>[Stack]<UL><LI>Max Depth = 16<LI>Call Chain = RCC_GetHCLKClockFreq
</UL>
<BR>[Calls]<UL><LI><a href="#[86]">&gt;&gt;</a>&nbsp;&nbsp;&nbsp;LL_RCC_GetAHBPrescaler
</UL>
<BR>[Called By]<UL><LI><a href="#[47]">&gt;&gt;</a>&nbsp;&nbsp;&nbsp;LL_RCC_GetSystemClocksFreq
</UL>

<P><STRONG><a name="[4a]"></a>RCC_GetPCLK1ClockFreq</STRONG> (Thumb, 32 bytes, Stack size 16 bytes, lto-llvm-1168fe.o(.text.RCC_GetPCLK1ClockFreq))
<BR><BR>[Stack]<UL><LI>Max Depth = 16<LI>Call Chain = RCC_GetPCLK1ClockFreq
</UL>
<BR>[Calls]<UL><LI><a href="#[87]">&gt;&gt;</a>&nbsp;&nbsp;&nbsp;LL_RCC_GetAPB1Prescaler
</UL>
<BR>[Called By]<UL><LI><a href="#[47]">&gt;&gt;</a>&nbsp;&nbsp;&nbsp;LL_RCC_GetSystemClocksFreq
</UL>

<P><STRONG><a name="[4b]"></a>RCC_GetPCLK2ClockFreq</STRONG> (Thumb, 32 bytes, Stack size 16 bytes, lto-llvm-1168fe.o(.text.RCC_GetPCLK2ClockFreq))
<BR><BR>[Stack]<UL><LI>Max Depth = 16<LI>Call Chain = RCC_GetPCLK2ClockFreq
</UL>
<BR>[Calls]<UL><LI><a href="#[88]">&gt;&gt;</a>&nbsp;&nbsp;&nbsp;LL_RCC_GetAPB2Prescaler
</UL>
<BR>[Called By]<UL><LI><a href="#[47]">&gt;&gt;</a>&nbsp;&nbsp;&nbsp;LL_RCC_GetSystemClocksFreq
</UL>

<P><STRONG><a name="[8a]"></a>RCC_PLL_GetFreqDomain_SYS</STRONG> (Thumb, 94 bytes, Stack size 16 bytes, lto-llvm-1168fe.o(.text.RCC_PLL_GetFreqDomain_SYS))
<BR><BR>[Stack]<UL><LI>Max Depth = 16<LI>Call Chain = RCC_PLL_GetFreqDomain_SYS
</UL>
<BR>[Calls]<UL><LI><a href="#[8d]">&gt;&gt;</a>&nbsp;&nbsp;&nbsp;LL_RCC_PLL_GetMultiplicator
<LI><a href="#[8c]">&gt;&gt;</a>&nbsp;&nbsp;&nbsp;LL_RCC_PLL_GetPrediv
<LI><a href="#[8b]">&gt;&gt;</a>&nbsp;&nbsp;&nbsp;LL_RCC_PLL_GetMainSource
</UL>
<BR>[Called By]<UL><LI><a href="#[48]">&gt;&gt;</a>&nbsp;&nbsp;&nbsp;RCC_GetSystemClockFreq
</UL>

<P><STRONG><a name="[86]"></a>LL_RCC_GetAHBPrescaler</STRONG> (Thumb, 16 bytes, Stack size 0 bytes, lto-llvm-1168fe.o(.text.LL_RCC_GetAHBPrescaler))
<BR><BR>[Called By]<UL><LI><a href="#[49]">&gt;&gt;</a>&nbsp;&nbsp;&nbsp;RCC_GetHCLKClockFreq
</UL>

<P><STRONG><a name="[87]"></a>LL_RCC_GetAPB1Prescaler</STRONG> (Thumb, 16 bytes, Stack size 0 bytes, lto-llvm-1168fe.o(.text.LL_RCC_GetAPB1Prescaler))
<BR><BR>[Called By]<UL><LI><a href="#[4a]">&gt;&gt;</a>&nbsp;&nbsp;&nbsp;RCC_GetPCLK1ClockFreq
</UL>

<P><STRONG><a name="[88]"></a>LL_RCC_GetAPB2Prescaler</STRONG> (Thumb, 16 bytes, Stack size 0 bytes, lto-llvm-1168fe.o(.text.LL_RCC_GetAPB2Prescaler))
<BR><BR>[Called By]<UL><LI><a href="#[4b]">&gt;&gt;</a>&nbsp;&nbsp;&nbsp;RCC_GetPCLK2ClockFreq
</UL>

<P><STRONG><a name="[8b]"></a>LL_RCC_PLL_GetMainSource</STRONG> (Thumb, 16 bytes, Stack size 0 bytes, lto-llvm-1168fe.o(.text.LL_RCC_PLL_GetMainSource))
<BR><BR>[Called By]<UL><LI><a href="#[8a]">&gt;&gt;</a>&nbsp;&nbsp;&nbsp;RCC_PLL_GetFreqDomain_SYS
</UL>

<P><STRONG><a name="[8c]"></a>LL_RCC_PLL_GetPrediv</STRONG> (Thumb, 16 bytes, Stack size 0 bytes, lto-llvm-1168fe.o(.text.LL_RCC_PLL_GetPrediv))
<BR><BR>[Called By]<UL><LI><a href="#[8a]">&gt;&gt;</a>&nbsp;&nbsp;&nbsp;RCC_PLL_GetFreqDomain_SYS
</UL>

<P><STRONG><a name="[8d]"></a>LL_RCC_PLL_GetMultiplicator</STRONG> (Thumb, 16 bytes, Stack size 0 bytes, lto-llvm-1168fe.o(.text.LL_RCC_PLL_GetMultiplicator))
<BR><BR>[Called By]<UL><LI><a href="#[8a]">&gt;&gt;</a>&nbsp;&nbsp;&nbsp;RCC_PLL_GetFreqDomain_SYS
</UL>

<P><STRONG><a name="[46]"></a>LL_InitTick</STRONG> (Thumb, 58 bytes, Stack size 8 bytes, lto-llvm-1168fe.o(.text.LL_InitTick))
<BR><BR>[Stack]<UL><LI>Max Depth = 8<LI>Call Chain = LL_InitTick
</UL>
<BR>[Called By]<UL><LI><a href="#[45]">&gt;&gt;</a>&nbsp;&nbsp;&nbsp;LL_Init1msTick
</UL>

<P><STRONG><a name="[4d]"></a>LL_TIM_SetAutoReload</STRONG> (Thumb, 16 bytes, Stack size 8 bytes, lto-llvm-1168fe.o(.text.LL_TIM_SetAutoReload))
<BR><BR>[Stack]<UL><LI>Max Depth = 8<LI>Call Chain = LL_TIM_SetAutoReload
</UL>
<BR>[Called By]<UL><LI><a href="#[4c]">&gt;&gt;</a>&nbsp;&nbsp;&nbsp;LL_TIM_Init
</UL>

<P><STRONG><a name="[4e]"></a>LL_TIM_SetPrescaler</STRONG> (Thumb, 16 bytes, Stack size 8 bytes, lto-llvm-1168fe.o(.text.LL_TIM_SetPrescaler))
<BR><BR>[Stack]<UL><LI>Max Depth = 8<LI>Call Chain = LL_TIM_SetPrescaler
</UL>
<BR>[Called By]<UL><LI><a href="#[4c]">&gt;&gt;</a>&nbsp;&nbsp;&nbsp;LL_TIM_Init
</UL>

<P><STRONG><a name="[4f]"></a>LL_TIM_SetRepetitionCounter</STRONG> (Thumb, 16 bytes, Stack size 8 bytes, lto-llvm-1168fe.o(.text.LL_TIM_SetRepetitionCounter))
<BR><BR>[Stack]<UL><LI>Max Depth = 8<LI>Call Chain = LL_TIM_SetRepetitionCounter
</UL>
<BR>[Called By]<UL><LI><a href="#[4c]">&gt;&gt;</a>&nbsp;&nbsp;&nbsp;LL_TIM_Init
</UL>

<P><STRONG><a name="[50]"></a>LL_TIM_GenerateEvent_UPDATE</STRONG> (Thumb, 18 bytes, Stack size 4 bytes, lto-llvm-1168fe.o(.text.LL_TIM_GenerateEvent_UPDATE))
<BR><BR>[Stack]<UL><LI>Max Depth = 4<LI>Call Chain = LL_TIM_GenerateEvent_UPDATE
</UL>
<BR>[Called By]<UL><LI><a href="#[4c]">&gt;&gt;</a>&nbsp;&nbsp;&nbsp;LL_TIM_Init
</UL>

<P><STRONG><a name="[52]"></a>OC1Config</STRONG> (Thumb, 198 bytes, Stack size 32 bytes, lto-llvm-1168fe.o(.text.OC1Config))
<BR><BR>[Stack]<UL><LI>Max Depth = 40<LI>Call Chain = OC1Config &rArr; LL_TIM_OC_SetCompareCH1
</UL>
<BR>[Calls]<UL><LI><a href="#[82]">&gt;&gt;</a>&nbsp;&nbsp;&nbsp;LL_TIM_OC_SetCompareCH1
</UL>
<BR>[Called By]<UL><LI><a href="#[51]">&gt;&gt;</a>&nbsp;&nbsp;&nbsp;LL_TIM_OC_Init
</UL>

<P><STRONG><a name="[53]"></a>OC2Config</STRONG> (Thumb, 206 bytes, Stack size 32 bytes, lto-llvm-1168fe.o(.text.OC2Config))
<BR><BR>[Stack]<UL><LI>Max Depth = 40<LI>Call Chain = OC2Config &rArr; LL_TIM_OC_SetCompareCH2
</UL>
<BR>[Calls]<UL><LI><a href="#[83]">&gt;&gt;</a>&nbsp;&nbsp;&nbsp;LL_TIM_OC_SetCompareCH2
</UL>
<BR>[Called By]<UL><LI><a href="#[51]">&gt;&gt;</a>&nbsp;&nbsp;&nbsp;LL_TIM_OC_Init
</UL>

<P><STRONG><a name="[54]"></a>OC3Config</STRONG> (Thumb, 204 bytes, Stack size 32 bytes, lto-llvm-1168fe.o(.text.OC3Config))
<BR><BR>[Stack]<UL><LI>Max Depth = 40<LI>Call Chain = OC3Config &rArr; LL_TIM_OC_SetCompareCH3
</UL>
<BR>[Calls]<UL><LI><a href="#[84]">&gt;&gt;</a>&nbsp;&nbsp;&nbsp;LL_TIM_OC_SetCompareCH3
</UL>
<BR>[Called By]<UL><LI><a href="#[51]">&gt;&gt;</a>&nbsp;&nbsp;&nbsp;LL_TIM_OC_Init
</UL>

<P><STRONG><a name="[55]"></a>OC4Config</STRONG> (Thumb, 158 bytes, Stack size 32 bytes, lto-llvm-1168fe.o(.text.OC4Config))
<BR><BR>[Stack]<UL><LI>Max Depth = 40<LI>Call Chain = OC4Config &rArr; LL_TIM_OC_SetCompareCH4
</UL>
<BR>[Calls]<UL><LI><a href="#[85]">&gt;&gt;</a>&nbsp;&nbsp;&nbsp;LL_TIM_OC_SetCompareCH4
</UL>
<BR>[Called By]<UL><LI><a href="#[51]">&gt;&gt;</a>&nbsp;&nbsp;&nbsp;LL_TIM_OC_Init
</UL>

<P><STRONG><a name="[82]"></a>LL_TIM_OC_SetCompareCH1</STRONG> (Thumb, 16 bytes, Stack size 8 bytes, lto-llvm-1168fe.o(.text.LL_TIM_OC_SetCompareCH1))
<BR><BR>[Stack]<UL><LI>Max Depth = 8<LI>Call Chain = LL_TIM_OC_SetCompareCH1
</UL>
<BR>[Called By]<UL><LI><a href="#[52]">&gt;&gt;</a>&nbsp;&nbsp;&nbsp;OC1Config
</UL>

<P><STRONG><a name="[83]"></a>LL_TIM_OC_SetCompareCH2</STRONG> (Thumb, 16 bytes, Stack size 8 bytes, lto-llvm-1168fe.o(.text.LL_TIM_OC_SetCompareCH2))
<BR><BR>[Stack]<UL><LI>Max Depth = 8<LI>Call Chain = LL_TIM_OC_SetCompareCH2
</UL>
<BR>[Called By]<UL><LI><a href="#[53]">&gt;&gt;</a>&nbsp;&nbsp;&nbsp;OC2Config
</UL>

<P><STRONG><a name="[84]"></a>LL_TIM_OC_SetCompareCH3</STRONG> (Thumb, 16 bytes, Stack size 8 bytes, lto-llvm-1168fe.o(.text.LL_TIM_OC_SetCompareCH3))
<BR><BR>[Stack]<UL><LI>Max Depth = 8<LI>Call Chain = LL_TIM_OC_SetCompareCH3
</UL>
<BR>[Called By]<UL><LI><a href="#[54]">&gt;&gt;</a>&nbsp;&nbsp;&nbsp;OC3Config
</UL>

<P><STRONG><a name="[85]"></a>LL_TIM_OC_SetCompareCH4</STRONG> (Thumb, 16 bytes, Stack size 8 bytes, lto-llvm-1168fe.o(.text.LL_TIM_OC_SetCompareCH4))
<BR><BR>[Stack]<UL><LI>Max Depth = 8<LI>Call Chain = LL_TIM_OC_SetCompareCH4
</UL>
<BR>[Called By]<UL><LI><a href="#[55]">&gt;&gt;</a>&nbsp;&nbsp;&nbsp;OC4Config
</UL>

<P><STRONG><a name="[57]"></a>LL_USART_IsEnabled</STRONG> (Thumb, 16 bytes, Stack size 4 bytes, lto-llvm-1168fe.o(.text.LL_USART_IsEnabled))
<BR><BR>[Stack]<UL><LI>Max Depth = 4<LI>Call Chain = LL_USART_IsEnabled
</UL>
<BR>[Called By]<UL><LI><a href="#[56]">&gt;&gt;</a>&nbsp;&nbsp;&nbsp;LL_USART_Init
</UL>

<P><STRONG><a name="[58]"></a>LL_USART_SetStopBitsLength</STRONG> (Thumb, 26 bytes, Stack size 8 bytes, lto-llvm-1168fe.o(.text.LL_USART_SetStopBitsLength))
<BR><BR>[Stack]<UL><LI>Max Depth = 8<LI>Call Chain = LL_USART_SetStopBitsLength
</UL>
<BR>[Called By]<UL><LI><a href="#[56]">&gt;&gt;</a>&nbsp;&nbsp;&nbsp;LL_USART_Init
</UL>

<P><STRONG><a name="[59]"></a>LL_USART_SetHWFlowCtrl</STRONG> (Thumb, 26 bytes, Stack size 8 bytes, lto-llvm-1168fe.o(.text.LL_USART_SetHWFlowCtrl))
<BR><BR>[Stack]<UL><LI>Max Depth = 8<LI>Call Chain = LL_USART_SetHWFlowCtrl
</UL>
<BR>[Called By]<UL><LI><a href="#[56]">&gt;&gt;</a>&nbsp;&nbsp;&nbsp;LL_USART_Init
</UL>

<P><STRONG><a name="[5a]"></a>LL_USART_SetBaudRate</STRONG> (Thumb, 78 bytes, Stack size 12 bytes, lto-llvm-1168fe.o(.text.LL_USART_SetBaudRate))
<BR><BR>[Stack]<UL><LI>Max Depth = 12<LI>Call Chain = LL_USART_SetBaudRate
</UL>
<BR>[Called By]<UL><LI><a href="#[56]">&gt;&gt;</a>&nbsp;&nbsp;&nbsp;LL_USART_Init
</UL>
<P>
<H3>
Undefined Global Symbols
</H3><HR></body></html>
